C51 COMPILER V9.52.0.0   MAIN                                                              07/10/2018 10:50:11 PAGE 1   


C51 COMPILER V9.52.0.0, COMPILATION OF MODULE MAIN
OBJECT MODULE PLACED IN .\Output\Main.obj
COMPILER INVOKED BY: D:\Program Files\Keil\C51\BIN\C51.EXE Source\Main.c BROWSE INCDIR(.\Include;.\Bsp) DEFINE(FOSC_1600
                    -00) DEBUG OBJECTEXTEND PRINT(.\List\Main.lst) TABS(2) OBJECT(.\Output\Main.obj)

line level    source

   1          #include "Sys.h"
   2          
   3          
   4          
   5          void main(void)
   6          {
   7   1        SystemVarInit();
   8   1      
   9   1        while(true)
  10   1        {
  11   2          SystemStatusMachine(g_SystemVar.SystemLastStatus);
  12   2        }
  13   1      }


MODULE INFORMATION:   STATIC OVERLAYABLE
   CODE SIZE        =     13    ----
   CONSTANT SIZE    =   ----    ----
   XDATA SIZE       =   ----    ----
   PDATA SIZE       =   ----    ----
   DATA SIZE        =   ----    ----
   IDATA SIZE       =   ----    ----
   BIT SIZE         =   ----    ----
END OF MODULE INFORMATION.


C51 COMPILATION COMPLETE.  0 WARNING(S),  0 ERROR(S)
