BL51 BANKED LINKER/LOCATER V6.22                                                        07/10/2018  10:50:11  PAGE 1


BL51 BANKED LINKER/LOCATER V6.22, INVOKED BY:
D:\PROGRAM FILES\KEIL\C51\BIN\BL51.EXE .\Output\Timer.obj, .\Output\Uart.obj, .\Output\Key.obj, .\Output\Led.obj, .\Outp
>> ut\Interrupt.obj, .\Output\Main.obj, .\Output\Sys.obj, .\Output\TimerUnit.obj, .\Output\QMsg.obj, .\Output\PacketQueu
>> e.obj, .\Output\Common.obj, .\Output\Wifi.obj, .\Output\Peripheral.obj, .\Output\STARTUP.obj TO .\Output\MotorCtr PRI
>> NT (.\List\MotorCtr.m51) RAMSIZE (256) DISABLEWARNING (16)


MEMORY MODEL: SMALL


INPUT MODULES INCLUDED:
  .\Output\Timer.obj (TIMER)
  .\Output\Uart.obj (UART)
  .\Output\Key.obj (KEY)
  .\Output\Led.obj (LED)
  .\Output\Interrupt.obj (INTERRUPT)
  .\Output\Main.obj (MAIN)
  .\Output\Sys.obj (SYS)
  .\Output\TimerUnit.obj (TIMERUNIT)
  .\Output\QMsg.obj (QMSG)
  .\Output\PacketQueue.obj (PACKETQUEUE)
  .\Output\Common.obj (COMMON)
  .\Output\Wifi.obj (WIFI)
  .\Output\Peripheral.obj (PERIPHERAL)
  .\Output\STARTUP.obj (?C_STARTUP)
  D:\PROGRAM FILES\KEIL\C51\LIB\C51S.LIB (?C_INIT)
  D:\PROGRAM FILES\KEIL\C51\LIB\C51S.LIB (?C?COPY)
  D:\PROGRAM FILES\KEIL\C51\LIB\C51S.LIB (?C?CLDPTR)
  D:\PROGRAM FILES\KEIL\C51\LIB\C51S.LIB (?C?CLDOPTR)
  D:\PROGRAM FILES\KEIL\C51\LIB\C51S.LIB (?C?CSTPTR)
  D:\PROGRAM FILES\KEIL\C51\LIB\C51S.LIB (?C?CSTOPTR)
  D:\PROGRAM FILES\KEIL\C51\LIB\C51S.LIB (?C?UIDIV)
  D:\PROGRAM FILES\KEIL\C51\LIB\C51S.LIB (?C?IILDX)
  D:\PROGRAM FILES\KEIL\C51\LIB\C51S.LIB (?C?ILDPTR)
  D:\PROGRAM FILES\KEIL\C51\LIB\C51S.LIB (?C?ILDOPTR)
  D:\PROGRAM FILES\KEIL\C51\LIB\C51S.LIB (?C?ISTOPTR)
  D:\PROGRAM FILES\KEIL\C51\LIB\C51S.LIB (?C?ULDIV)
  D:\PROGRAM FILES\KEIL\C51\LIB\C51S.LIB (?C?ULSHR)
  D:\PROGRAM FILES\KEIL\C51\LIB\C51S.LIB (?C?ICALL)
  D:\PROGRAM FILES\KEIL\C51\LIB\C51S.LIB (PRINTF)
  D:\PROGRAM FILES\KEIL\C51\LIB\C51S.LIB (VSPRINTF)
  D:\PROGRAM FILES\KEIL\C51\LIB\C51S.LIB (?C?PLDIIDATA)
  D:\PROGRAM FILES\KEIL\C51\LIB\C51S.LIB (?C?CCASE)


LINK MAP OF MODULE:  .\Output\MotorCtr (TIMER)


            TYPE    BASE      LENGTH    RELOCATION   SEGMENT NAME
            -----------------------------------------------------

            * * * * * * *   D A T A   M E M O R Y   * * * * * * *
            REG     0000H     0008H     ABSOLUTE     "REG BANK 0"
            DATA    0008H     0015H     UNIT         ?DT?_MYPRINTF?UART
            DATA    001DH     0003H     UNIT         ?DT?_UARTSENDSTRING?UART
            BIT     0020H.0   0001H.1   UNIT         _BIT_GROUP_
                    0021H.1   0000H.7                *** GAP ***
            DATA    0022H     0023H     UNIT         _DATA_GROUP_
BL51 BANKED LINKER/LOCATER V6.22                                                      07/10/2018  10:50:11  PAGE 2


            DATA    0045H     0010H     UNIT         ?DT?SYS
            DATA    0055H     000CH     UNIT         ?DT?_UARTSENDHEXBUFFER?UART
            DATA    0061H     0006H     UNIT         ?DT?_VSPRINTF?VSPRINTF
            DATA    0067H     0003H     UNIT         ?DT?KEY
            IDATA   006AH     0001H     UNIT         ?STACK

            * * * * * * *  X D A T A   M E M O R Y  * * * * * * *
            XDATA   0000H     0001H     ABSOLUTE     
            XDATA   0001H     0064H     UNIT         ?XD?_MYPRINTF?UART
            XDATA   0065H     005EH     UNIT         ?XD?QMSG
            XDATA   00C3H     004DH     UNIT         ?XD?WIFI
            XDATA   0110H     0020H     UNIT         ?XD?LED
            XDATA   0130H     0017H     UNIT         ?XD?PACKETQUEUE
            XDATA   0147H     000DH     UNIT         _XDATA_GROUP_
            XDATA   0154H     000CH     UNIT         ?XD?TIMERUNIT
            XDATA   0160H     0004H     UNIT         ?XD?SYS
            XDATA   0164H     0002H     UNIT         ?XD?PERIPHERAL

            * * * * * * *   C O D E   M E M O R Y   * * * * * * *
            CODE    0000H     0003H     ABSOLUTE     
            CODE    0003H     0008H     UNIT         ?PR?_PUTCHAR_WIFI?UART
            CODE    000BH     0003H     ABSOLUTE     
            CODE    000EH     000DH     UNIT         ?PR?MAIN?MAIN
            CODE    001BH     0003H     ABSOLUTE     
            CODE    001EH     0005H     UNIT         ?PR?INITIALUART0_INT?UART
            CODE    0023H     0003H     ABSOLUTE     
            CODE    0026H     04C2H     UNIT         ?PR?_WINDOWHANDLE?PERIPHERAL
            CODE    04E8H     0388H     UNIT         ?C?LIB_CODE
            CODE    0870H     035CH     UNIT         ?PR?PRINTF?PRINTF
            CODE    0BCCH     01FBH     UNIT         ?PR?SYSTIMERUNITSERVER?TIMERUNIT
            CODE    0DC7H     0190H     UNIT         ?PR?_TIMERUNITADD?TIMERUNIT
            CODE    0F57H     0133H     UNIT         ?PR?WIFIPACKETPARSE?WIFI
            CODE    108AH     012EH     UNIT         ?PR?_TIMERUNITDEL?TIMERUNIT
            CODE    11B8H     0119H     UNIT         ?PR?LEDSHOWSERVER?LED
            CODE    12D1H     00D4H     UNIT         ?PR?_QMSGPEND?QMSG
            CODE    13A5H     00D1H     UNIT         ?PR?_MY_MEMCPY?COMMON
            CODE    1476H     00ACH     UNIT         ?C_C51STARTUP
            CODE    1522H     00A8H     UNIT         ?PR?_KEYHANDLE?KEY
            CODE    15CAH     00A8H     UNIT         ?CO?SYS
            CODE    1672H     0095H     UNIT         ?CO?WIFI
            CODE    1707H     0093H     UNIT         ?PR?_WIFIHANDLE?WIFI
            CODE    179AH     008DH     UNIT         ?PR?_LEDSETLEVEL?LED
            CODE    1827H     008AH     UNIT         ?PR?KEYSCANSERVER?KEY
            CODE    18B1H     0083H     UNIT         ?PR?_ONEDATAPOINTHAND?WIFI
            CODE    1934H     0071H     UNIT         ?PR?_HEX_TO_BCD?COMMON
            CODE    19A5H     006FH     UNIT         ?PR?_UARTSENDHEXBUFFER?UART
            CODE    1A14H     006FH     UNIT         ?PR?WIFISTATUSSHOW?WIFI
            CODE    1A83H     006DH     UNIT         ?PR?LEDINIT?LED
            CODE    1AF0H     006DH     UNIT         ?PR?_QMSGPOSTSIMPLE?QMSG
            CODE    1B5DH     006BH     UNIT         ?PR?_QMSGPOST?QMSG
            CODE    1BC8H     0069H     UNIT         ?PR?_INITIALUART0_TIMER3?UART
            CODE    1C31H     0068H     UNIT         ?PR?WIFIPACKETHANDLE?WIFI
            CODE    1C99H     0067H     UNIT         ?PR?_DOWNLOADDATAPOINTHANDLE?WIFI
            CODE    1D00H     0063H     UNIT         ?CO?PERIPHERAL
            CODE    1D63H     0060H     UNIT         ?PR?_INITIALUART1_TIMER3?UART
            CODE    1DC3H     005EH     UNIT         ?PR?_SENDTXPACKETDATA?WIFI
            CODE    1E21H     005BH     UNIT         ?PR?ALLDATAUPDATE?WIFI
BL51 BANKED LINKER/LOCATER V6.22                                                      07/10/2018  10:50:11  PAGE 3


            CODE    1E7CH     0059H     UNIT         ?PR?_LEDSETFLASH?LED
            CODE    1ED5H     0056H     UNIT         ?PR?SYSTEMSERVERRUN?SYS
            CODE    1F2BH     0054H     UNIT         ?PR?SYSTEMRUNSTATUS?SYS
            CODE    1F7FH     0053H     UNIT         ?CO?TIMERUNIT
            CODE    1FD2H     0053H     UNIT         ?PR?_QMSGINIT?QMSG
            CODE    2025H     0042H     UNIT         ?PR?UART0_ISR?INTERRUPT
            CODE    2067H     0042H     UNIT         ?PR?_BOOLDATAPOINTUPDATE?WIFI
            CODE    20A9H     0041H     UNIT         ?PR?TIMER0_ISR?INTERRUPT
            CODE    20EAH     0040H     UNIT         ?PR?_SYSTEMHANDLE?SYS
            CODE    212AH     003EH     UNIT         ?PR?ALLDATAPOINTHAND?WIFI
            CODE    2168H     003CH     UNIT         ?PR?SHOWSOFTINFO?SYS
            CODE    21A4H     003CH     UNIT         ?PR?SYSTEMINITSTATUS?SYS
            CODE    21E0H     0039H     UNIT         ?PR?_INITIALUART0_TIMER1?UART
            CODE    2219H     0033H     UNIT         ?PR?_QUEUEPOST?PACKETQUEUE
            CODE    224CH     0032H     UNIT         ?PR?_MYPRINTF?UART
            CODE    227EH     0032H     UNIT         ?PR?_QUEUEPEND?PACKETQUEUE
            CODE    22B0H     0030H     UNIT         ?CO?KEY
            CODE    22E0H     002FH     UNIT         ?PR?_TIMERUNITISEXIST?TIMERUNIT
            CODE    230FH     002EH     UNIT         ?PR?_UARTSENDSTRING?UART
            CODE    233DH     002EH     UNIT         ?PR?WIFIPACKETINIT?WIFI
            CODE    236BH     002EH     UNIT         ?PR?_VSPRINTF?VSPRINTF
            CODE    2399H     002DH     UNIT         ?PR?_MY_STRLEN?COMMON
            CODE    23C6H     002AH     UNIT         ?PR?_TIMERUNITGETTO?TIMERUNIT
            CODE    23F0H     0028H     UNIT         ?PR?_UARTSENDBUFFER?UART
            CODE    2418H     0027H     UNIT         ?PR?HEATBEATCHECK?WIFI
            CODE    243FH     0027H     UNIT         ?PR?_SETTXPACKETDATA?WIFI
            CODE    2466H     0025H     UNIT         ?C_INITSEG
            CODE    248BH     0025H     UNIT         ?PR?_TIMERUNITENABLE?TIMERUNIT
            CODE    24B0H     0023H     UNIT         ?PR?_MOTORCTR?PERIPHERAL
            CODE    24D3H     0022H     UNIT         ?PR?_GETCHECKSUM?COMMON
            CODE    24F5H     0022H     UNIT         ?PR?_GETDOWMLOADDATAPOINTIDINDEX?WIFI
            CODE    2517H     001CH     UNIT         ?PR?_SYSTEMSTATUSMACHINE?SYS
            CODE    2533H     0019H     UNIT         ?PR?TIMER0INIT?TIMER
            CODE    254CH     0019H     UNIT         ?PR?TIMER1INIT?TIMER
            CODE    2565H     0019H     UNIT         ?PR?UARTINIT?UART
            CODE    257EH     0014H     UNIT         ?PR?_UARTSENDBYTE?UART
            CODE    2592H     0014H     UNIT         ?PR?PRODUCTINFOUPDATE?WIFI
            CODE    25A6H     0013H     UNIT         ?PR?KEYINIT?KEY
            CODE    25B9H     0013H     UNIT         ?PR?READKEY?KEY
            CODE    25CCH     0012H     UNIT         ?PR?_GETHEX?COMMON
            CODE    25DEH     0012H     UNIT         ?PR?PERIPHRALINIT?PERIPHERAL
            CODE    25F0H     0011H     UNIT         ?PR?WIFIINIT?WIFI
            CODE    2601H     000FH     UNIT         ?PR?SYSTEMVARINIT?SYS
            CODE    2610H     000DH     UNIT         ?PR?JKINIT?PERIPHERAL
            CODE    261DH     000CH     UNIT         ?PR?_QMSGSIZE?QMSG
            CODE    2629H     000CH     UNIT         ?PR?_QMSGCAPACITY?QMSG
            CODE    2635H     000BH     UNIT         ?PR?_TIMERUNITINIT?TIMERUNIT
            CODE    2640H     000AH     UNIT         ?PR?QUEUEINIT?PACKETQUEUE
            CODE    264AH     0009H     UNIT         ?PR?KEYDETECT?KEY
            CODE    2653H     0008H     UNIT         ?PR?_PUTCHAR?UART
            CODE    265BH     0007H     UNIT         ?PR?TIMER1_ISR?INTERRUPT
            CODE    2662H     0006H     UNIT         ?PR?TIMERINIT?TIMER
            CODE    2668H     0006H     UNIT         ?PR?QUEUESIZE?PACKETQUEUE
            CODE    266EH     0003H     UNIT         ?PR?TESTSERVER?SYS
            CODE    2671H     0003H     UNIT         ?PR?GETDOWNLOADCMDTOTAL?WIFI


BL51 BANKED LINKER/LOCATER V6.22                                                      07/10/2018  10:50:11  PAGE 4



OVERLAY MAP OF MODULE:   .\Output\MotorCtr (TIMER)


SEGMENT                                          BIT_GROUP          DATA_GROUP          XDATA_GROUP
  +--> CALLED SEGMENT                         START    LENGTH     START    LENGTH     START    LENGTH
-----------------------------------------------------------------------------------------------------
?PR?TIMER0_ISR?INTERRUPT                      -----    -----      -----    -----      -----    -----
  +--> ?PR?SYSTEMSERVERRUN?SYS

?PR?SYSTEMSERVERRUN?SYS                       -----    -----      0022H    0001H      -----    -----

*** NEW ROOT ***************************************************

?PR?UART0_ISR?INTERRUPT                       -----    -----      -----    -----      -----    -----
  +--> ?PR?_QUEUEPOST?PACKETQUEUE

*** NEW ROOT ***************************************************

?C_C51STARTUP                                 -----    -----      -----    -----      -----    -----
  +--> ?PR?MAIN?MAIN
  +--> ?C_INITSEG

?PR?MAIN?MAIN                                 -----    -----      -----    -----      -----    -----
  +--> ?PR?SYSTEMVARINIT?SYS
  +--> ?PR?_SYSTEMSTATUSMACHINE?SYS

?PR?_SYSTEMSTATUSMACHINE?SYS                  -----    -----      -----    -----      -----    -----
  +--> ?PR?SYSTEMINITSTATUS?SYS
  +--> ?PR?SYSTEMRUNSTATUS?SYS

?PR?SYSTEMINITSTATUS?SYS                      -----    -----      -----    -----      -----    -----
  +--> ?PR?UARTINIT?UART
  +--> ?PR?QUEUEINIT?PACKETQUEUE
  +--> ?PR?WIFIINIT?WIFI
  +--> ?PR?_TIMERUNITINIT?TIMERUNIT
  +--> ?PR?_QMSGINIT?QMSG
  +--> ?PR?SHOWSOFTINFO?SYS
  +--> ?PR?PERIPHRALINIT?PERIPHERAL
  +--> ?PR?TIMERINIT?TIMER
  +--> ?PR?_QMSGPOSTSIMPLE?QMSG

?PR?UARTINIT?UART                             -----    -----      -----    -----      -----    -----
  +--> ?PR?_INITIALUART0_TIMER3?UART
  +--> ?PR?_INITIALUART1_TIMER3?UART
  +--> ?PR?INITIALUART0_INT?UART

?PR?_INITIALUART0_TIMER3?UART                 -----    -----      0023H    0004H      -----    -----

?PR?_INITIALUART1_TIMER3?UART                 -----    -----      0023H    0004H      -----    -----

?PR?WIFIINIT?WIFI                             -----    -----      -----    -----      -----    -----
  +--> ?PR?WIFIPACKETINIT?WIFI

?PR?_QMSGINIT?QMSG                            -----    -----      0023H    0003H      -----    -----

?PR?SHOWSOFTINFO?SYS                          -----    -----      -----    -----      -----    -----
BL51 BANKED LINKER/LOCATER V6.22                                                      07/10/2018  10:50:11  PAGE 5


  +--> ?CO?SYS
  +--> ?PR?PRINTF?PRINTF

?PR?PRINTF?PRINTF                             0020H.0  0001H.1    0031H    0014H      -----    -----
  +--> ?PR?_PUTCHAR?UART

?PR?PERIPHRALINIT?PERIPHERAL                  -----    -----      -----    -----      -----    -----
  +--> ?PR?KEYINIT?KEY
  +--> ?PR?LEDINIT?LED
  +--> ?PR?JKINIT?PERIPHERAL

?PR?TIMERINIT?TIMER                           -----    -----      -----    -----      -----    -----
  +--> ?PR?TIMER0INIT?TIMER
  +--> ?PR?TIMER1INIT?TIMER

?PR?_QMSGPOSTSIMPLE?QMSG                      -----    -----      0025H    0002H      -----    -----

?PR?SYSTEMRUNSTATUS?SYS                       -----    -----      -----    -----      -----    -----
  +--> ?CO?SYS
  +--> ?PR?PRINTF?PRINTF
  +--> ?PR?_QMSGPEND?QMSG
  +--> ?PR?_SYSTEMHANDLE?SYS
  +--> ?PR?WIFIPACKETPARSE?WIFI
  +--> ?PR?WIFISTATUSSHOW?WIFI

?PR?_QMSGPEND?QMSG                            -----    -----      0023H    0002H      -----    -----

?PR?_SYSTEMHANDLE?SYS                         -----    -----      0023H    0002H      -----    -----
  +--> ?PR?_KEYHANDLE?KEY
  +--> ?PR?_WINDOWHANDLE?PERIPHERAL
  +--> ?PR?_WIFIHANDLE?WIFI

?PR?_KEYHANDLE?KEY                            -----    -----      -----    -----      -----    -----
  +--> ?CO?KEY
  +--> ?PR?PRINTF?PRINTF
  +--> ?PR?_QMSGPOSTSIMPLE?QMSG

?PR?_WINDOWHANDLE?PERIPHERAL                  -----    -----      -----    -----      0147H    0006H
  +--> ?CO?PERIPHERAL
  +--> ?PR?PRINTF?PRINTF
  +--> ?PR?_MOTORCTR?PERIPHERAL
  +--> ?PR?_TIMERUNITENABLE?TIMERUNIT
  +--> ?PR?_TIMERUNITGETTO?TIMERUNIT
  +--> ?PR?_TIMERUNITADD?TIMERUNIT
  +--> ?PR?_LEDSETLEVEL?LED
  +--> ?PR?_QMSGPOSTSIMPLE?QMSG

?PR?_TIMERUNITENABLE?TIMERUNIT                -----    -----      0025H    0005H      -----    -----

?PR?_TIMERUNITADD?TIMERUNIT                   -----    -----      0025H    000CH      -----    -----
  +--> ?CO?TIMERUNIT
  +--> ?PR?PRINTF?PRINTF

?PR?_WIFIHANDLE?WIFI                          -----    -----      -----    -----      0147H    0002H
  +--> ?CO?WIFI
  +--> ?PR?PRINTF?PRINTF
  +--> ?PR?_SETTXPACKETDATA?WIFI
BL51 BANKED LINKER/LOCATER V6.22                                                      07/10/2018  10:50:11  PAGE 6


  +--> ?PR?ALLDATAUPDATE?WIFI
  +--> ?PR?_SENDTXPACKETDATA?WIFI

?PR?_SETTXPACKETDATA?WIFI                     -----    -----      0025H    0004H      -----    -----
  +--> ?PR?_MY_MEMCPY?COMMON

?PR?_MY_MEMCPY?COMMON                         -----    -----      0029H    0010H      -----    -----

?PR?ALLDATAUPDATE?WIFI                        -----    -----      -----    -----      0149H    000BH
  +--> ?PR?_BOOLDATAPOINTUPDATE?WIFI
  +--> ?PR?_SETTXPACKETDATA?WIFI

?PR?_BOOLDATAPOINTUPDATE?WIFI                 -----    -----      0025H    0002H      -----    -----

?PR?_SENDTXPACKETDATA?WIFI                    -----    -----      -----    -----      0149H    0001H
  +--> ?PR?_GETCHECKSUM?COMMON
  +--> ?PR?_UARTSENDBUFFER?UART

?PR?_GETCHECKSUM?COMMON                       -----    -----      0025H    0003H      -----    -----

?PR?_UARTSENDBUFFER?UART                      -----    -----      0025H    0005H      -----    -----
  +--> ?PR?_UARTSENDBYTE?UART

?PR?_UARTSENDBYTE?UART                        -----    -----      -----    -----      -----    -----
  +--> ?PR?_PUTCHAR_WIFI?UART
  +--> ?PR?_PUTCHAR?UART

?PR?WIFIPACKETPARSE?WIFI                      -----    -----      -----    -----      0147H    0002H
  +--> ?PR?_QUEUEPEND?PACKETQUEUE
  +--> ?PR?_GETCHECKSUM?COMMON
  +--> ?PR?WIFIPACKETHANDLE?WIFI

?PR?WIFIPACKETHANDLE?WIFI                     -----    -----      -----    -----      -----    -----
  +--> ?PR?HEATBEATCHECK?WIFI
  +--> ?PR?PRODUCTINFOUPDATE?WIFI
  +--> ?PR?ALLDATAPOINTHAND?WIFI
  +--> ?PR?ALLDATAUPDATE?WIFI
  +--> ?PR?_SENDTXPACKETDATA?WIFI

?PR?HEATBEATCHECK?WIFI                        -----    -----      -----    -----      0149H    0001H
  +--> ?PR?_SETTXPACKETDATA?WIFI

?PR?PRODUCTINFOUPDATE?WIFI                    -----    -----      -----    -----      -----    -----
  +--> ?CO?WIFI
  +--> ?PR?_MY_STRLEN?COMMON
  +--> ?PR?_SETTXPACKETDATA?WIFI

?PR?_MY_STRLEN?COMMON                         -----    -----      0023H    0003H      -----    -----

?PR?ALLDATAPOINTHAND?WIFI                     -----    -----      0023H    0002H      -----    -----
  +--> ?PR?_ONEDATAPOINTHAND?WIFI

?PR?_ONEDATAPOINTHAND?WIFI                    -----    -----      -----    -----      0149H    0006H
  +--> ?PR?_GETDOWMLOADDATAPOINTIDINDEX?WIFI
  +--> ?PR?_DOWNLOADDATAPOINTHANDLE?WIFI

?PR?_GETDOWMLOADDATAPOINTIDINDEX?WIFI         -----    -----      -----    -----      -----    -----
BL51 BANKED LINKER/LOCATER V6.22                                                      07/10/2018  10:50:11  PAGE 7


  +--> ?PR?GETDOWNLOADCMDTOTAL?WIFI

?PR?_DOWNLOADDATAPOINTHANDLE?WIFI             -----    -----      0025H    0006H      -----    -----
  +--> ?PR?_QMSGPOST?QMSG

?PR?_QMSGPOST?QMSG                            -----    -----      002BH    0006H      -----    -----

?PR?WIFISTATUSSHOW?WIFI                       -----    -----      -----    -----      -----    -----
  +--> ?CO?WIFI
  +--> ?PR?PRINTF?PRINTF
  +--> ?PR?_LEDSETFLASH?LED
  +--> ?PR?_LEDSETLEVEL?LED

?PR?_LEDSETFLASH?LED                          -----    -----      0023H    0006H      -----    -----
  +--> ?PR?_LEDSETLEVEL?LED

?C_INITSEG                                    -----    -----      -----    -----      -----    -----
  +--> ?PR?KEYSCANSERVER?KEY
  +--> ?PR?LEDSHOWSERVER?LED
  +--> ?PR?SYSTIMERUNITSERVER?TIMERUNIT
  +--> ?PR?TESTSERVER?SYS

?PR?KEYSCANSERVER?KEY                         -----    -----      -----    -----      -----    -----
  +--> ?PR?KEYDETECT?KEY
  +--> ?PR?_QMSGPOSTSIMPLE?QMSG

?PR?KEYDETECT?KEY                             -----    -----      -----    -----      -----    -----
  +--> ?PR?READKEY?KEY

?PR?LEDSHOWSERVER?LED                         -----    -----      0023H    0001H      -----    -----
  +--> ?PR?_LEDSETLEVEL?LED

?PR?SYSTIMERUNITSERVER?TIMERUNIT              -----    -----      0023H    0001H      -----    -----
  +--> ?CO?TIMERUNIT
  +--> ?PR?PRINTF?PRINTF
  +--> ?PR?_QMSGPOST?QMSG



SYMBOL TABLE OF MODULE:  .\Output\MotorCtr (TIMER)

  VALUE           TYPE          NAME
  ----------------------------------

  -------         MODULE        TIMER
  C:0000H         SYMBOL        _ICE_DUMMY_
  D:0080H         PUBLIC        P0
  D:0090H         PUBLIC        P1
  D:00A0H         PUBLIC        P2
  D:00B0H         PUBLIC        P3
  B:00A8H.7       PUBLIC        EA
  D:00D8H         PUBLIC        PWMCON0
  D:00A8H         PUBLIC        IE
  D:00B8H         PUBLIC        IP
  C:2662H         PUBLIC        TimerInit
  D:0098H         PUBLIC        SCON
  D:0089H         PUBLIC        TMOD
BL51 BANKED LINKER/LOCATER V6.22                                                      07/10/2018  10:50:11  PAGE 8


  D:0088H         PUBLIC        TCON
  D:00F8H         PUBLIC        SCON_1
  B:00A8H.1       PUBLIC        ET0
  B:00A8H.3       PUBLIC        ET1
  C:2533H         SYMBOL        Timer0Init
  C:254CH         SYMBOL        Timer1Init
  D:008CH         PUBLIC        TH0
  D:008DH         PUBLIC        TH1
  D:008AH         PUBLIC        TL0
  D:008BH         PUBLIC        TL1
  D:00B5H         PUBLIC        P2S
  B:0088H.4       PUBLIC        TR0
  B:0088H.6       PUBLIC        TR1
  D:00E8H         PUBLIC        ADCCON0
  D:00C0H         PUBLIC        I2CON
  D:00C8H         PUBLIC        T2CON
  D:008EH         PUBLIC        CKCON
  D:00D0H         PUBLIC        PSW
  -------         PROC          TIMER0INIT
  C:2533H         LINE#         11
  C:2533H         LINE#         12
  C:2533H         LINE#         13
  C:2539H         LINE#         14
  C:253CH         LINE#         15
  C:253FH         LINE#         17
  C:2542H         LINE#         18
  C:2545H         LINE#         19
  C:2547H         LINE#         20
  C:2549H         LINE#         21
  C:254BH         LINE#         22
  -------         ENDPROC       TIMER0INIT
  -------         PROC          TIMER1INIT
  C:254CH         LINE#         23
  C:254CH         LINE#         24
  C:254CH         LINE#         25
  C:2552H         LINE#         26
  C:2555H         LINE#         27
  C:2558H         LINE#         29
  C:255BH         LINE#         30
  C:255EH         LINE#         31
  C:2560H         LINE#         32
  C:2562H         LINE#         33
  C:2564H         LINE#         34
  -------         ENDPROC       TIMER1INIT
  -------         PROC          TIMERINIT
  C:2662H         LINE#         36
  C:2662H         LINE#         37
  C:2662H         LINE#         38
  C:2665H         LINE#         39
  -------         ENDPROC       TIMERINIT
  -------         ENDMOD        TIMER

  -------         MODULE        UART
  C:0000H         SYMBOL        _ICE_DUMMY_
  D:00B1H         PUBLIC        P0M1
  D:00B3H         PUBLIC        P1M1
  D:00B2H         PUBLIC        P0M2
BL51 BANKED LINKER/LOCATER V6.22                                                      07/10/2018  10:50:11  PAGE 9


  D:0080H         PUBLIC        P0
  D:00B4H         PUBLIC        P1M2
  D:0090H         PUBLIC        P1
  D:00A0H         PUBLIC        P2
  D:00B0H         PUBLIC        P3
  B:00A8H.7       PUBLIC        EA
  D:00D8H         PUBLIC        PWMCON0
  C:23F0H         PUBLIC        _UartSendBuffer
  C:0003H         PUBLIC        _putchar_wifi
  D:00A8H         PUBLIC        IE
  B:00A8H.4       PUBLIC        ES
  D:00B8H         PUBLIC        IP
  B:0098H.1       PUBLIC        TI
  C:230FH         PUBLIC        _UartSendString
  B:00F8H.1       PUBLIC        TI_1
  C:19A5H         PUBLIC        _UartSendHexBuffer
  D:0099H         PUBLIC        SBUF
  D:0087H         PUBLIC        PCON
  D:0098H         PUBLIC        SCON
  C:2565H         PUBLIC        UartInit
  D:0089H         PUBLIC        TMOD
  D:0088H         PUBLIC        TCON
  C:224CH         PUBLIC        _MyPrintf
  C:257EH         SYMBOL        _UartSendByte
  D:009AH         PUBLIC        SBUF_1
  D:00F8H         PUBLIC        SCON_1
  C:001EH         SYMBOL        InitialUART0_Int
  D:00C6H         PUBLIC        RH3
  D:008DH         PUBLIC        TH1
  D:00C5H         PUBLIC        RL3
  C:21E0H         SYMBOL        _InitialUART0_Timer1
  C:1BC8H         SYMBOL        _InitialUART0_Timer3
  C:1D63H         SYMBOL        _InitialUART1_Timer3
  B:0088H.6       PUBLIC        TR1
  D:00E8H         PUBLIC        ADCCON0
  D:00C0H         PUBLIC        I2CON
  D:00C8H         PUBLIC        T2CON
  D:00C4H         PUBLIC        T3CON
  D:008EH         PUBLIC        CKCON
  D:00D0H         PUBLIC        PSW
  C:2653H         PUBLIC        _putchar
  -------         PROC          _INITIALUART0_TIMER1
  D:0004H         SYMBOL        u32Baudrate
  C:21E0H         LINE#         15
  C:21E0H         LINE#         16
  C:21E0H         LINE#         17
  C:21E6H         LINE#         18
  C:21ECH         LINE#         20
  C:21EFH         LINE#         21
  C:21F2H         LINE#         23
  C:21F5H         LINE#         24
  C:21F8H         LINE#         25
  C:21FBH         LINE#         28
  C:2214H         LINE#         33
  C:2216H         LINE#         34
  C:2218H         LINE#         35
  -------         ENDPROC       _INITIALUART0_TIMER1
BL51 BANKED LINKER/LOCATER V6.22                                                      07/10/2018  10:50:11  PAGE 10


  -------         PROC          _INITIALUART0_TIMER3
  D:0023H         SYMBOL        u32Baudrate
  C:1BC8H         LINE#         38
  C:1BD0H         LINE#         39
  C:1BD0H         LINE#         40
  C:1BD6H         LINE#         41
  C:1BDCH         LINE#         43
  C:1BDFH         LINE#         44
  C:1BE2H         LINE#         45
  C:1BE5H         LINE#         46
  C:1BE8H         LINE#         49
  C:1C11H         LINE#         50
  C:1C2BH         LINE#         56
  C:1C2EH         LINE#         57
  C:1C30H         LINE#         58
  -------         ENDPROC       _INITIALUART0_TIMER3
  -------         PROC          _INITIALUART1_TIMER3
  D:0023H         SYMBOL        u32Baudrate
  C:1D63H         LINE#         63
  C:1D6BH         LINE#         64
  C:1D6BH         LINE#         65
  C:1D71H         LINE#         66
  C:1D77H         LINE#         68
  C:1D7AH         LINE#         73
  C:1DA3H         LINE#         74
  C:1DBDH         LINE#         80
  C:1DC0H         LINE#         81
  C:1DC2H         LINE#         82
  -------         ENDPROC       _INITIALUART1_TIMER3
  -------         PROC          INITIALUART0_INT
  C:001EH         LINE#         84
  C:001EH         LINE#         85
  C:001EH         LINE#         91
  C:0020H         LINE#         95
  C:0022H         LINE#         98
  -------         ENDPROC       INITIALUART0_INT
  -------         PROC          UARTINIT
  C:2565H         LINE#         99
  C:2565H         LINE#         100
  C:2565H         LINE#         101
  C:2570H         LINE#         102
  C:257BH         LINE#         103
  -------         ENDPROC       UARTINIT
  -------         PROC          _PUTCHAR_WIFI
  D:0007H         SYMBOL        c
  C:0003H         LINE#         122
  C:0003H         LINE#         123
  C:0003H         LINE#         124
  C:0006H         LINE#         125
  C:0008H         LINE#         126
  C:000AH         LINE#         127
  C:000AH         LINE#         128
  -------         ENDPROC       _PUTCHAR_WIFI
  -------         PROC          _PUTCHAR
  D:0007H         SYMBOL        c
  C:2653H         LINE#         129
  C:2653H         LINE#         130
BL51 BANKED LINKER/LOCATER V6.22                                                      07/10/2018  10:50:11  PAGE 11


  C:2653H         LINE#         131
  C:2656H         LINE#         132
  C:2658H         LINE#         133
  C:265AH         LINE#         134
  C:265AH         LINE#         135
  -------         ENDPROC       _PUTCHAR
  -------         PROC          _UARTSENDBYTE
  D:0007H         SYMBOL        Port
  D:0006H         SYMBOL        c
  C:257EH         LINE#         138
  C:2580H         LINE#         139
  C:2580H         LINE#         140
  C:2587H         LINE#         141
  C:2587H         LINE#         142
  C:2587H         LINE#         143
  C:258CH         LINE#         144
  C:258CH         LINE#         145
  C:258CH         LINE#         146
  C:2591H         LINE#         147
  C:2591H         LINE#         148
  C:2591H         LINE#         149
  C:2591H         LINE#         150
  C:2591H         LINE#         151
  -------         ENDPROC       _UARTSENDBYTE
  -------         PROC          _UARTSENDSTRING
  D:0004H         SYMBOL        Port
  D:001DH         SYMBOL        str
  C:230FH         LINE#         153
  C:2317H         LINE#         154
  C:2317H         LINE#         155
  C:231CH         LINE#         156
  C:231CH         LINE#         158
  C:231CH         LINE#         159
  C:2327H         LINE#         160
  C:2327H         LINE#         161
  C:233AH         LINE#         162
  C:233CH         LINE#         163
  -------         ENDPROC       _UARTSENDSTRING
  -------         PROC          _UARTSENDBUFFER
  D:0025H         SYMBOL        Port
  D:0026H         SYMBOL        Buffer
  D:0029H         SYMBOL        length
  -------         DO            
  D:0004H         SYMBOL        i
  -------         ENDDO         
  C:23F0H         LINE#         164
  C:23F8H         LINE#         165
  C:23F8H         LINE#         167
  C:2400H         LINE#         168
  C:2400H         LINE#         169
  C:2414H         LINE#         170
  C:2417H         LINE#         171
  -------         ENDPROC       _UARTSENDBUFFER
  -------         PROC          _UARTSENDHEXBUFFER
  D:0055H         SYMBOL        Port
  D:0001H         SYMBOL        des
  D:0059H         SYMBOL        buf
BL51 BANKED LINKER/LOCATER V6.22                                                      07/10/2018  10:50:11  PAGE 12


  D:005CH         SYMBOL        len
  D:005DH         SYMBOL        dec
  D:005EH         SYMBOL        en
  -------         DO            
  D:005FH         SYMBOL        i
  D:0060H         SYMBOL        MSB
  D:0004H         SYMBOL        LSB
  -------         ENDDO         
  C:19A5H         LINE#         172
  C:19A7H         LINE#         173
  C:19A7H         LINE#         177
  C:19ACH         LINE#         178
  C:19ACH         LINE#         179
  C:19AFH         LINE#         180
  C:19AFH         LINE#         181
  C:19B9H         LINE#         182
  C:19B9H         LINE#         183
  C:19D1H         LINE#         184
  C:19E8H         LINE#         185
  C:19EFH         LINE#         186
  C:19F6H         LINE#         187
  C:19FDH         LINE#         188
  C:1A01H         LINE#         190
  C:1A05H         LINE#         191
  C:1A05H         LINE#         192
  C:1A0CH         LINE#         193
  C:1A13H         LINE#         194
  C:1A13H         LINE#         195
  -------         ENDPROC       _UARTSENDHEXBUFFER
  -------         PROC          _MYPRINTF
  D:0008H         SYMBOL        fmt
  -------         DO            
  D:000BH         SYMBOL        ellipsis_15
  D:001AH         SYMBOL        ap
  X:0001H         SYMBOL        string
  -------         ENDDO         
  C:224CH         LINE#         197
  C:2252H         LINE#         198
  C:2252H         LINE#         201
  C:225BH         LINE#         202
  C:2273H         LINE#         204
  -------         ENDPROC       _MYPRINTF
  -------         ENDMOD        UART

  -------         MODULE        KEY
  C:0000H         SYMBOL        _ICE_DUMMY_
  D:00B1H         PUBLIC        P0M1
  D:00B2H         PUBLIC        P0M2
  D:0080H         PUBLIC        P0
  D:0090H         PUBLIC        P1
  D:00A0H         PUBLIC        P2
  D:00B0H         PUBLIC        P3
  D:00D8H         PUBLIC        PWMCON0
  C:264AH         SYMBOL        KeyDetect
  D:00A8H         PUBLIC        IE
  D:00B8H         PUBLIC        IP
  C:25B9H         SYMBOL        ReadKey
BL51 BANKED LINKER/LOCATER V6.22                                                      07/10/2018  10:50:11  PAGE 13


  C:1827H         PUBLIC        KeyScanServer
  B:0080H.3       PUBLIC        P03
  B:0080H.4       PUBLIC        P04
  D:0098H         PUBLIC        SCON
  B:0080H.5       PUBLIC        P05
  D:0088H         PUBLIC        TCON
  C:25A6H         PUBLIC        KeyInit
  D:00F8H         PUBLIC        SCON_1
  D:00E8H         PUBLIC        ADCCON0
  D:00C0H         PUBLIC        I2CON
  D:00C8H         PUBLIC        T2CON
  C:1522H         PUBLIC        _KeyHandle
  D:00D0H         PUBLIC        PSW
  -------         PROC          KEYINIT
  C:25A6H         LINE#         8
  C:25A6H         LINE#         9
  C:25A6H         LINE#         10
  C:25ACH         LINE#         11
  C:25B2H         LINE#         12
  C:25B8H         LINE#         13
  -------         ENDPROC       KEYINIT
  -------         PROC          READKEY
  -------         DO            
  D:0007H         SYMBOL        key
  -------         ENDDO         
  C:25B9H         LINE#         14
  C:25B9H         LINE#         15
  C:25B9H         LINE#         16
  C:25BBH         LINE#         18
  C:25BEH         LINE#         19
  C:25BEH         LINE#         20
  C:25BFH         LINE#         21
  C:25BFH         LINE#         22
  C:25C2H         LINE#         23
  C:25C2H         LINE#         24
  C:25C5H         LINE#         25
  C:25C5H         LINE#         26
  C:25C8H         LINE#         27
  C:25C8H         LINE#         28
  C:25CBH         LINE#         29
  C:25CBH         LINE#         30
  C:25CBH         LINE#         31
  -------         ENDPROC       READKEY
  -------         PROC          KEYDETECT
  -------         DO            
  D:0007H         SYMBOL        key
  -------         ENDDO         
  C:264AH         LINE#         33
  C:264AH         LINE#         34
  C:264AH         LINE#         36
  C:264DH         LINE#         38
  C:2650H         LINE#         39
  C:2650H         LINE#         40
  C:2652H         LINE#         41
  C:2652H         LINE#         42
  C:2652H         LINE#         43
  -------         ENDPROC       KEYDETECT
BL51 BANKED LINKER/LOCATER V6.22                                                      07/10/2018  10:50:11  PAGE 14


  -------         PROC          KEYSCANSERVER
  -------         DO            
  D:0067H         SYMBOL        keyValue
  D:0068H         SYMBOL        keyCounter
  D:0007H         SYMBOL        keyTmp
  D:0005H         SYMBOL        key_return
  -------         ENDDO         
  C:1827H         LINE#         45
  C:1827H         LINE#         46
  C:1827H         LINE#         49
  C:1829H         LINE#         50
  C:182BH         LINE#         52
  C:182EH         LINE#         53
  C:1831H         LINE#         54
  C:1831H         LINE#         55
  C:183CH         LINE#         56
  C:183CH         LINE#         57
  C:1841H         LINE#         58
  C:1843H         LINE#         59
  C:184EH         LINE#         60
  C:184EH         LINE#         61
  C:1853H         LINE#         62
  C:1853H         LINE#         63
  C:1853H         LINE#         64
  C:1853H         LINE#         65
  C:1855H         LINE#         66
  C:185AH         LINE#         67
  C:185AH         LINE#         68
  C:185CH         LINE#         69
  C:1861H         LINE#         70
  C:1863H         LINE#         72
  C:1863H         LINE#         73
  C:186BH         LINE#         74
  C:1871H         LINE#         75
  C:1871H         LINE#         76
  C:1873H         LINE#         77
  C:1875H         LINE#         78
  C:187FH         LINE#         79
  C:187FH         LINE#         80
  C:1884H         LINE#         81
  C:1886H         LINE#         82
  C:1890H         LINE#         83
  C:1890H         LINE#         84
  C:1895H         LINE#         85
  C:189BH         LINE#         86
  C:189BH         LINE#         87
  C:189BH         LINE#         88
  C:189FH         LINE#         89
  C:189FH         LINE#         90
  C:18AEH         LINE#         91
  C:18AEH         LINE#         92
  C:18B0H         LINE#         93
  -------         ENDPROC       KEYSCANSERVER
  -------         PROC          _KEYHANDLE
  D:0001H         SYMBOL        pMsg
  C:1522H         LINE#         94
  C:1522H         LINE#         95
BL51 BANKED LINKER/LOCATER V6.22                                                      07/10/2018  10:50:11  PAGE 15


  C:1522H         LINE#         96
  C:152AH         LINE#         97
  C:152AH         LINE#         99
  C:152AH         LINE#         101
  C:1550H         LINE#         102
  C:1550H         LINE#         103
  C:1550H         LINE#         104
  C:1559H         LINE#         105
  C:155FH         LINE#         106
  C:1561H         LINE#         108
  C:1561H         LINE#         109
  C:156AH         LINE#         110
  C:1570H         LINE#         111
  C:1572H         LINE#         113
  C:1572H         LINE#         114
  C:157BH         LINE#         115
  C:1585H         LINE#         116
  C:1587H         LINE#         118
  C:1587H         LINE#         119
  C:1590H         LINE#         120
  C:159AH         LINE#         121
  C:159CH         LINE#         123
  C:159CH         LINE#         124
  C:15A5H         LINE#         125
  C:15AFH         LINE#         126
  C:15B1H         LINE#         128
  C:15B1H         LINE#         129
  C:15BAH         LINE#         130
  C:15C9H         LINE#         131
  C:15C9H         LINE#         133
  C:15C9H         LINE#         134
  C:15C9H         LINE#         135
  C:15C9H         LINE#         136
  -------         ENDPROC       _KEYHANDLE
  -------         ENDMOD        KEY

  -------         MODULE        LED
  C:0000H         SYMBOL        _ICE_DUMMY_
  D:00B1H         PUBLIC        P0M1
  D:00B3H         PUBLIC        P1M1
  D:00B2H         PUBLIC        P0M2
  D:0080H         PUBLIC        P0
  D:00B4H         PUBLIC        P1M2
  D:0090H         PUBLIC        P1
  D:00A0H         PUBLIC        P2
  D:00B0H         PUBLIC        P3
  D:00D8H         PUBLIC        PWMCON0
  D:00A8H         PUBLIC        IE
  D:00B8H         PUBLIC        IP
  C:1A83H         PUBLIC        LedInit
  B:0080H.1       PUBLIC        P01
  B:0090H.1       PUBLIC        P11
  B:0090H.2       PUBLIC        P12
  D:0098H         PUBLIC        SCON
  D:0088H         PUBLIC        TCON
  C:1E7CH         PUBLIC        _LedSetFlash
  C:11B8H         PUBLIC        LedShowServer
BL51 BANKED LINKER/LOCATER V6.22                                                      07/10/2018  10:50:11  PAGE 16


  B:0090H.5       PUBLIC        P15
  C:179AH         PUBLIC        _LedSetLevel
  D:00F8H         PUBLIC        SCON_1
  D:00E8H         PUBLIC        ADCCON0
  D:00C0H         PUBLIC        I2CON
  D:00C8H         PUBLIC        T2CON
  X:0110H         SYMBOL        s_LedStatus
  D:00D0H         PUBLIC        PSW
  -------         PROC          LEDINIT
  -------         DO            
  D:0007H         SYMBOL        i
  -------         ENDDO         
  C:1A83H         LINE#         7
  C:1A83H         LINE#         8
  C:1A83H         LINE#         10
  C:1A89H         LINE#         11
  C:1A8FH         LINE#         12
  C:1A95H         LINE#         13
  C:1A9BH         LINE#         15
  C:1A9DH         LINE#         16
  C:1A9FH         LINE#         17
  C:1AA1H         LINE#         19
  C:1AA3H         LINE#         20
  C:1AA3H         LINE#         21
  C:1AB5H         LINE#         22
  C:1AC7H         LINE#         23
  C:1AD9H         LINE#         24
  C:1AEBH         LINE#         25
  C:1AEFH         LINE#         26
  -------         ENDPROC       LEDINIT
  -------         PROC          LEDSHOWSERVER
  -------         DO            
  D:0023H         SYMBOL        i
  -------         ENDDO         
  C:11B8H         LINE#         28
  C:11B8H         LINE#         29
  C:11B8H         LINE#         31
  C:11BBH         LINE#         32
  C:11BBH         LINE#         33
  C:11D6H         LINE#         34
  C:11D6H         LINE#         35
  C:11ECH         LINE#         36
  C:121DH         LINE#         37
  C:121DH         LINE#         38
  C:1224H         LINE#         39
  C:1224H         LINE#         40
  C:1227H         LINE#         42
  C:1227H         LINE#         43
  C:123EH         LINE#         44
  C:123EH         LINE#         45
  C:1246H         LINE#         46
  C:1246H         LINE#         47
  C:1248H         LINE#         48
  C:1263H         LINE#         49
  C:1263H         LINE#         50
  C:126CH         LINE#         51
  C:1282H         LINE#         52
BL51 BANKED LINKER/LOCATER V6.22                                                      07/10/2018  10:50:11  PAGE 17


  C:12C2H         LINE#         53
  C:12C2H         LINE#         54
  C:12C2H         LINE#         55
  C:12CEH         LINE#         56
  C:12D0H         LINE#         57
  -------         ENDPROC       LEDSHOWSERVER
  -------         PROC          _LEDSETFLASH
  D:0007H         SYMBOL        id
  D:0005H         SYMBOL        count
  D:0002H         SYMBOL        ontime
  D:0027H         SYMBOL        offtime
  C:1E7CH         LINE#         63
  C:1E7CH         LINE#         64
  C:1E7CH         LINE#         65
  C:1E82H         LINE#         66
  C:1E82H         LINE#         68
  C:1E82H         LINE#         69
  C:1E95H         LINE#         70
  C:1EA8H         LINE#         71
  C:1EBDH         LINE#         72
  C:1ECFH         LINE#         73
  C:1ED4H         LINE#         74
  -------         ENDPROC       _LEDSETFLASH
  -------         PROC          _LEDSETLEVEL
  D:0007H         SYMBOL        id
  D:0005H         SYMBOL        level
  D:0003H         SYMBOL        flag
  C:179AH         LINE#         77
  C:179AH         LINE#         78
  C:179AH         LINE#         79
  C:17A3H         LINE#         80
  C:17A3H         LINE#         82
  C:17A3H         LINE#         83
  C:17B1H         LINE#         84
  C:17B1H         LINE#         85
  C:17B1H         LINE#         86
  C:17B4H         LINE#         87
  C:17B4H         LINE#         88
  C:17B6H         LINE#         89
  C:17B8H         LINE#         91
  C:17B8H         LINE#         92
  C:17BAH         LINE#         93
  C:17BAH         LINE#         94
  C:17BCH         LINE#         96
  C:17BCH         LINE#         97
  C:17BFH         LINE#         98
  C:17BFH         LINE#         99
  C:17C1H         LINE#         100
  C:17C3H         LINE#         102
  C:17C3H         LINE#         103
  C:17C5H         LINE#         104
  C:17C5H         LINE#         105
  C:17C7H         LINE#         107
  C:17C7H         LINE#         108
  C:17CAH         LINE#         109
  C:17CAH         LINE#         110
  C:17CCH         LINE#         111
BL51 BANKED LINKER/LOCATER V6.22                                                      07/10/2018  10:50:11  PAGE 18


  C:17CEH         LINE#         113
  C:17CEH         LINE#         114
  C:17D0H         LINE#         115
  C:17D0H         LINE#         116
  C:17D2H         LINE#         118
  C:17D2H         LINE#         119
  C:17D5H         LINE#         120
  C:17D5H         LINE#         121
  C:17D7H         LINE#         122
  C:17D9H         LINE#         124
  C:17D9H         LINE#         125
  C:17DBH         LINE#         126
  C:17DBH         LINE#         127
  C:17DBH         LINE#         129
  C:17DBH         LINE#         130
  C:17DBH         LINE#         131
  C:17DBH         LINE#         132
  C:17DEH         LINE#         133
  C:17DEH         LINE#         134
  C:17F0H         LINE#         135
  C:1802H         LINE#         136
  C:1814H         LINE#         137
  C:1826H         LINE#         138
  C:1826H         LINE#         139
  -------         ENDPROC       _LEDSETLEVEL
  -------         ENDMOD        LED

  -------         MODULE        INTERRUPT
  C:0000H         SYMBOL        _ICE_DUMMY_
  D:0080H         PUBLIC        P0
  D:0090H         PUBLIC        P1
  D:00A0H         PUBLIC        P2
  D:00B0H         PUBLIC        P3
  C:20A9H         SYMBOL        Timer0_ISR
  C:265BH         SYMBOL        Timer1_ISR
  D:00D8H         PUBLIC        PWMCON0
  D:00A8H         PUBLIC        IE
  D:00B8H         PUBLIC        IP
  B:0098H.0       PUBLIC        RI
  B:0098H.1       PUBLIC        TI
  C:2025H         SYMBOL        Uart0_ISR
  D:0099H         PUBLIC        SBUF
  D:0098H         PUBLIC        SCON
  D:0088H         PUBLIC        TCON
  D:00F8H         PUBLIC        SCON_1
  D:008CH         PUBLIC        TH0
  D:008DH         PUBLIC        TH1
  D:008AH         PUBLIC        TL0
  D:008BH         PUBLIC        TL1
  D:00E8H         PUBLIC        ADCCON0
  D:00C0H         PUBLIC        I2CON
  D:00C8H         PUBLIC        T2CON
  D:00D0H         PUBLIC        PSW
  -------         PROC          TIMER0_ISR
  C:20A9H         LINE#         13
  C:20C6H         LINE#         15
  C:20C9H         LINE#         16
BL51 BANKED LINKER/LOCATER V6.22                                                      07/10/2018  10:50:11  PAGE 19


  C:20CCH         LINE#         17
  C:20CFH         LINE#         18
  -------         ENDPROC       TIMER0_ISR
  -------         PROC          TIMER1_ISR
  C:265BH         LINE#         23
  C:265BH         LINE#         25
  C:265EH         LINE#         26
  C:2661H         LINE#         27
  -------         ENDPROC       TIMER1_ISR
  -------         PROC          UART0_ISR
  C:2025H         LINE#         29
  C:2042H         LINE#         31
  C:2045H         LINE#         32
  C:2045H         LINE#         33
  C:2047H         LINE#         34
  C:204CH         LINE#         35
  C:204CH         LINE#         36
  C:204CH         LINE#         37
  C:204CH         LINE#         39
  C:204CH         LINE#         40
  -------         ENDPROC       UART0_ISR
  -------         ENDMOD        INTERRUPT

  -------         MODULE        MAIN
  C:0000H         SYMBOL        _ICE_DUMMY_
  C:000EH         PUBLIC        main
  -------         PROC          MAIN
  C:000EH         LINE#         5
  C:000EH         LINE#         6
  C:000EH         LINE#         7
  C:0011H         LINE#         9
  C:0011H         LINE#         10
  C:0011H         LINE#         11
  C:0019H         LINE#         12
  -------         ENDPROC       MAIN
  -------         ENDMOD        MAIN

  -------         MODULE        SYS
  C:0000H         SYMBOL        _ICE_DUMMY_
  D:0080H         PUBLIC        P0
  D:0090H         PUBLIC        P1
  D:00A0H         PUBLIC        P2
  X:0160H         PUBLIC        g_RunState
  D:00B0H         PUBLIC        P3
  D:00D8H         PUBLIC        PWMCON0
  D:00A8H         PUBLIC        IE
  D:00B8H         PUBLIC        IP
  C:21A4H         SYMBOL        SystemInitStatus
  D:0098H         PUBLIC        SCON
  D:0088H         PUBLIC        TCON
  C:1ED5H         PUBLIC        SystemServerRun
  C:266EH         SYMBOL        testServer
  D:00F8H         PUBLIC        SCON_1
  C:1F2BH         SYMBOL        SystemRunStatus
  C:2601H         PUBLIC        SystemVarInit
  D:0045H         PUBLIC        g_SystemServer
  C:2517H         PUBLIC        _SystemStatusMachine
BL51 BANKED LINKER/LOCATER V6.22                                                      07/10/2018  10:50:11  PAGE 20


  C:2168H         SYMBOL        ShowSoftInfo
  C:20EAH         SYMBOL        _SystemHandle
  D:00E8H         PUBLIC        ADCCON0
  D:00C0H         PUBLIC        I2CON
  D:00C8H         PUBLIC        T2CON
  X:0000H         PUBLIC        g_SystemNull
  D:00D0H         PUBLIC        PSW
  X:0161H         PUBLIC        g_SystemVar
  -------         PROC          SHOWSOFTINFO
  C:2168H         LINE#         46
  C:2168H         LINE#         47
  C:2168H         LINE#         48
  C:2171H         LINE#         49
  C:218CH         LINE#         50
  C:219BH         LINE#         51
  -------         ENDPROC       SHOWSOFTINFO
  -------         PROC          SYSTEMVARINIT
  C:2601H         LINE#         54
  C:2601H         LINE#         55
  C:2601H         LINE#         56
  C:2607H         LINE#         57
  C:260BH         LINE#         58
  C:260FH         LINE#         59
  -------         ENDPROC       SYSTEMVARINIT
  -------         PROC          _SYSTEMSTATUSMACHINE
  D:0007H         SYMBOL        SystemStatus
  C:2517H         LINE#         60
  C:2517H         LINE#         61
  C:2517H         LINE#         62
  C:251FH         LINE#         63
  C:251FH         LINE#         64
  C:251FH         LINE#         65
  C:2522H         LINE#         66
  C:2524H         LINE#         67
  C:2524H         LINE#         71
  C:2524H         LINE#         72
  C:2527H         LINE#         73
  C:2527H         LINE#         74
  C:2527H         LINE#         75
  C:252FH         LINE#         76
  C:2532H         LINE#         77
  -------         ENDPROC       _SYSTEMSTATUSMACHINE
  -------         PROC          SYSTEMINITSTATUS
  C:21A4H         LINE#         79
  C:21A4H         LINE#         80
  C:21A4H         LINE#         81
  C:21A7H         LINE#         82
  C:21AAH         LINE#         83
  C:21ADH         LINE#         84
  C:21B6H         LINE#         85
  C:21C3H         LINE#         86
  C:21C6H         LINE#         88
  C:21C9H         LINE#         89
  C:21CCH         LINE#         90
  C:21D9H         LINE#         91
  C:21DFH         LINE#         92
  -------         ENDPROC       SYSTEMINITSTATUS
BL51 BANKED LINKER/LOCATER V6.22                                                      07/10/2018  10:50:11  PAGE 21


  -------         PROC          SYSTEMRUNSTATUS
  C:1F2BH         LINE#         94
  C:1F2BH         LINE#         95
  C:1F2BH         LINE#         96
  C:1F34H         LINE#         97
  C:1F3CH         LINE#         98
  C:1F48H         LINE#         99
  C:1F48H         LINE#         100
  C:1F56H         LINE#         101
  C:1F56H         LINE#         102
  C:1F65H         LINE#         103
  C:1F65H         LINE#         104
  C:1F65H         LINE#         105
  C:1F6AH         LINE#         106
  C:1F6DH         LINE#         107
  C:1F6FH         LINE#         109
  C:1F6FH         LINE#         110
  C:1F76H         LINE#         111
  C:1F76H         LINE#         112
  C:1F76H         LINE#         113
  C:1F76H         LINE#         114
  C:1F79H         LINE#         115
  C:1F7CH         LINE#         116
  C:1F7EH         LINE#         117
  -------         ENDPROC       SYSTEMRUNSTATUS
  -------         PROC          _SYSTEMHANDLE
  D:0023H         SYMBOL        pMsg
  C:20EAH         LINE#         118
  C:20EEH         LINE#         119
  C:20EEH         LINE#         120
  C:20F4H         LINE#         121
  C:20F4H         LINE#         123
  C:20F4H         LINE#         125
  C:210EH         LINE#         126
  C:210EH         LINE#         127
  C:210EH         LINE#         128
  C:2117H         LINE#         129
  C:2117H         LINE#         130
  C:2117H         LINE#         131
  C:2120H         LINE#         132
  C:2120H         LINE#         133
  C:2120H         LINE#         134
  C:2129H         LINE#         135
  C:2129H         LINE#         136
  C:2129H         LINE#         137
  C:2129H         LINE#         138
  C:2129H         LINE#         139
  -------         ENDPROC       _SYSTEMHANDLE
  -------         PROC          SYSTEMSERVERRUN
  -------         DO            
  D:0022H         SYMBOL        id
  -------         ENDDO         
  C:1ED5H         LINE#         140
  C:1ED5H         LINE#         141
  C:1ED5H         LINE#         143
  C:1ED8H         LINE#         144
  C:1ED8H         LINE#         145
BL51 BANKED LINKER/LOCATER V6.22                                                      07/10/2018  10:50:11  PAGE 22


  C:1EE6H         LINE#         146
  C:1EE6H         LINE#         147
  C:1EECH         LINE#         148
  C:1EECH         LINE#         149
  C:1EF0H         LINE#         150
  C:1EF0H         LINE#         151
  C:1F04H         LINE#         152
  C:1F04H         LINE#         153
  C:1F21H         LINE#         154
  C:1F21H         LINE#         155
  C:1F21H         LINE#         156
  C:1F21H         LINE#         157
  C:1F21H         LINE#         158
  C:1F2AH         LINE#         159
  -------         ENDPROC       SYSTEMSERVERRUN
  -------         PROC          TESTSERVER
  C:266EH         LINE#         161
  C:266EH         LINE#         162
  C:266EH         LINE#         176
  C:2670H         LINE#         177
  -------         ENDPROC       TESTSERVER
  -------         ENDMOD        SYS

  -------         MODULE        TIMERUNIT
  C:0000H         SYMBOL        _ICE_DUMMY_
  D:0080H         PUBLIC        P0
  D:0090H         PUBLIC        P1
  D:00A0H         PUBLIC        P2
  D:00B0H         PUBLIC        P3
  B:00A8H.7       PUBLIC        EA
  D:00D8H         PUBLIC        PWMCON0
  D:00A8H         PUBLIC        IE
  D:00B8H         PUBLIC        IP
  C:0DC7H         PUBLIC        _TimerUnitAdd
  D:0098H         PUBLIC        SCON
  D:0088H         PUBLIC        TCON
  C:108AH         PUBLIC        _TimerUnitDel
  C:2635H         PUBLIC        _TimerUnitInit
  D:00F8H         PUBLIC        SCON_1
  X:0154H         PUBLIC        g_TimerServer
  D:00E8H         PUBLIC        ADCCON0
  D:00C0H         PUBLIC        I2CON
  C:0BCCH         PUBLIC        SysTimerUnitServer
  D:00C8H         PUBLIC        T2CON
  C:23C6H         PUBLIC        _TimerUnitGetTO
  C:248BH         PUBLIC        _TimerUnitEnable
  C:22E0H         PUBLIC        _TimerUnitIsExist
  D:00D0H         PUBLIC        PSW
  -------         PROC          SYSTIMERUNITSERVER
  -------         DO            
  D:0023H         SYMBOL        i
  -------         ENDDO         
  C:0BCCH         LINE#         6
  C:0BCCH         LINE#         7
  C:0BCCH         LINE#         9
  C:0BDDH         LINE#         10
  C:0BDDH         LINE#         11
BL51 BANKED LINKER/LOCATER V6.22                                                      07/10/2018  10:50:11  PAGE 23


  C:0BF9H         LINE#         12
  C:0BF9H         LINE#         13
  C:0C0EH         LINE#         14
  C:0C0EH         LINE#         15
  C:0C19H         LINE#         16
  C:0C19H         LINE#         17
  C:0C44H         LINE#         18
  C:0C44H         LINE#         19
  C:0C5AH         LINE#         20
  C:0C5AH         LINE#         21
  C:0C5DH         LINE#         23
  C:0C5DH         LINE#         24
  C:0CA4H         LINE#         25
  C:0CE3H         LINE#         27
  C:0CF0H         LINE#         28
  C:0CF0H         LINE#         29
  C:0D12H         LINE#         30
  C:0D3FH         LINE#         31
  C:0D66H         LINE#         32
  C:0D8DH         LINE#         33
  C:0DB7H         LINE#         34
  C:0DB7H         LINE#         35
  C:0DBDH         LINE#         36
  C:0DBDH         LINE#         37
  C:0DBFH         LINE#         38
  C:0DBFH         LINE#         39
  C:0DBFH         LINE#         40
  C:0DC4H         LINE#         41
  C:0DC6H         LINE#         42
  -------         ENDPROC       SYSTIMERUNITSERVER
  -------         PROC          _TIMERUNITINIT
  D:0001H         SYMBOL        this
  C:2635H         LINE#         98
  C:2635H         LINE#         99
  C:2635H         LINE#         100
  C:263AH         LINE#         101
  C:263AH         LINE#         103
  C:263AH         LINE#         104
  C:263FH         LINE#         105
  -------         ENDPROC       _TIMERUNITINIT
  -------         PROC          _TIMERUNITDEL
  D:0001H         SYMBOL        this
  D:0005H         SYMBOL        Id
  -------         DO            
  D:0007H         SYMBOL        i
  -------         ENDDO         
  C:108AH         LINE#         107
  C:108AH         LINE#         108
  C:108AH         LINE#         110
  C:1092H         LINE#         111
  C:1092H         LINE#         113
  C:1092H         LINE#         114
  C:10A1H         LINE#         115
  C:10A1H         LINE#         116
  C:10B6H         LINE#         117
  C:10B6H         LINE#         118
  C:10B8H         LINE#         119
BL51 BANKED LINKER/LOCATER V6.22                                                      07/10/2018  10:50:11  PAGE 24


  C:10C0H         LINE#         120
  C:10C0H         LINE#         121
  C:10E3H         LINE#         122
  C:110FH         LINE#         123
  C:1139H         LINE#         124
  C:115FH         LINE#         125
  C:1189H         LINE#         126
  C:11A9H         LINE#         127
  C:11A9H         LINE#         128
  C:11AFH         LINE#         129
  C:11AFH         LINE#         130
  C:11B1H         LINE#         131
  C:11B1H         LINE#         132
  C:11B3H         LINE#         133
  C:11B3H         LINE#         134
  C:11B7H         LINE#         135
  -------         ENDPROC       _TIMERUNITDEL
  -------         PROC          _TIMERUNITADD
  D:0025H         SYMBOL        this
  D:0028H         SYMBOL        Id
  D:0029H         SYMBOL        pqmsg
  D:002CH         SYMBOL        pmsg
  D:002FH         SYMBOL        TO
  -------         DO            
  D:0007H         SYMBOL        i
  -------         ENDDO         
  C:0DC7H         LINE#         137
  C:0DCFH         LINE#         138
  C:0DCFH         LINE#         140
  C:0DF1H         LINE#         141
  C:0E07H         LINE#         142
  C:0E07H         LINE#         144
  C:0E07H         LINE#         146
  C:0E07H         LINE#         147
  C:0E09H         LINE#         148
  C:0E18H         LINE#         149
  C:0E18H         LINE#         150
  C:0E2BH         LINE#         151
  C:0E2BH         LINE#         152
  C:0E44H         LINE#         153
  C:0E63H         LINE#         154
  C:0E7FH         LINE#         155
  C:0E94H         LINE#         156
  C:0EA5H         LINE#         158
  C:0EA7H         LINE#         159
  C:0EA7H         LINE#         160
  C:0EABH         LINE#         161
  C:0EB4H         LINE#         162
  C:0EB4H         LINE#         163
  C:0EBFH         LINE#         164
  C:0EBFH         LINE#         165
  C:0ED0H         LINE#         166
  C:0EE9H         LINE#         167
  C:0F0CH         LINE#         168
  C:0F28H         LINE#         169
  C:0F3DH         LINE#         170
  C:0F4EH         LINE#         171
BL51 BANKED LINKER/LOCATER V6.22                                                      07/10/2018  10:50:11  PAGE 25


  C:0F54H         LINE#         172
  C:0F54H         LINE#         173
  C:0F54H         LINE#         174
  C:0F56H         LINE#         175
  C:0F56H         LINE#         176
  -------         ENDPROC       _TIMERUNITADD
  -------         PROC          _TIMERUNITENABLE
  D:0001H         SYMBOL        this
  D:0005H         SYMBOL        Id
  D:0029H         SYMBOL        enable
  C:248BH         LINE#         177
  C:248BH         LINE#         178
  C:248BH         LINE#         179
  C:2490H         LINE#         180
  C:2490H         LINE#         182
  C:2490H         LINE#         183
  C:249AH         LINE#         184
  C:249AH         LINE#         186
  C:249AH         LINE#         188
  C:249CH         LINE#         189
  C:24ADH         LINE#         190
  C:24AFH         LINE#         191
  -------         ENDPROC       _TIMERUNITENABLE
  -------         PROC          _TIMERUNITISEXIST
  D:0001H         SYMBOL        this
  D:0005H         SYMBOL        Id
  C:22E0H         LINE#         192
  C:22E0H         LINE#         193
  C:22E0H         LINE#         194
  C:22E5H         LINE#         195
  C:22E5H         LINE#         196
  C:22E7H         LINE#         197
  C:22E7H         LINE#         198
  C:22F1H         LINE#         199
  C:22F1H         LINE#         200
  C:22F4H         LINE#         201
  C:22F4H         LINE#         203
  C:2309H         LINE#         204
  C:2309H         LINE#         205
  C:230CH         LINE#         206
  C:230CH         LINE#         207
  C:230EH         LINE#         208
  -------         ENDPROC       _TIMERUNITISEXIST
  -------         PROC          _TIMERUNITGETTO
  D:0001H         SYMBOL        this
  D:0005H         SYMBOL        Id
  C:23C6H         LINE#         209
  C:23C6H         LINE#         210
  C:23C6H         LINE#         211
  C:23CBH         LINE#         212
  C:23CBH         LINE#         213
  C:23CEH         LINE#         214
  C:23CEH         LINE#         215
  C:23D8H         LINE#         216
  C:23D8H         LINE#         217
  C:23DCH         LINE#         218
  C:23DCH         LINE#         219
BL51 BANKED LINKER/LOCATER V6.22                                                      07/10/2018  10:50:11  PAGE 26


  C:23EFH         LINE#         220
  -------         ENDPROC       _TIMERUNITGETTO
  -------         ENDMOD        TIMERUNIT

  -------         MODULE        QMSG
  C:0000H         SYMBOL        _ICE_DUMMY_
  D:0080H         PUBLIC        P0
  D:0090H         PUBLIC        P1
  D:00A0H         PUBLIC        P2
  D:00B0H         PUBLIC        P3
  C:12D1H         PUBLIC        _QMsgPend
  B:00A8H.7       PUBLIC        EA
  D:00D8H         PUBLIC        PWMCON0
  D:00A8H         PUBLIC        IE
  C:1FD2H         PUBLIC        _QMsgInit
  C:1AF0H         PUBLIC        _QMsgPostSimple
  C:261DH         PUBLIC        _QMsgSize
  D:00B8H         PUBLIC        IP
  C:1B5DH         PUBLIC        _QMsgPost
  C:2629H         PUBLIC        _QMsgCapacity
  D:0098H         PUBLIC        SCON
  D:0088H         PUBLIC        TCON
  X:0065H         PUBLIC        g_QMsg
  D:00F8H         PUBLIC        SCON_1
  D:00E8H         PUBLIC        ADCCON0
  D:00C0H         PUBLIC        I2CON
  D:00C8H         PUBLIC        T2CON
  X:006FH         PUBLIC        g_Msg
  X:0073H         PUBLIC        g_MsgArray
  D:00D0H         PUBLIC        PSW
  -------         PROC          _QMSGINIT
  D:0006H         SYMBOL        this
  D:0023H         SYMBOL        msgBuffer
  D:0025H         SYMBOL        cap
  C:1FD2H         LINE#         123
  C:1FD8H         LINE#         124
  C:1FD8H         LINE#         125
  C:1FDCH         LINE#         126
  C:1FDCH         LINE#         127
  C:1FDFH         LINE#         128
  C:1FDFH         LINE#         129
  C:1FE5H         LINE#         130
  C:1FE5H         LINE#         131
  C:1FE8H         LINE#         132
  C:1FE8H         LINE#         133
  C:1FECH         LINE#         134
  C:1FECH         LINE#         135
  C:1FEFH         LINE#         136
  C:1FEFH         LINE#         137
  C:1FFDH         LINE#         138
  C:2017H         LINE#         139
  C:201AH         LINE#         140
  C:201CH         LINE#         141
  C:201EH         LINE#         142
  C:2022H         LINE#         143
  C:2024H         LINE#         144
  -------         ENDPROC       _QMSGINIT
BL51 BANKED LINKER/LOCATER V6.22                                                      07/10/2018  10:50:11  PAGE 27


  -------         PROC          _QMSGPOSTSIMPLE
  D:0006H         SYMBOL        this
  D:0004H         SYMBOL        msgID
  D:0025H         SYMBOL        param
  C:1AF0H         LINE#         145
  C:1AF4H         LINE#         146
  C:1AF4H         LINE#         147
  C:1AF8H         LINE#         148
  C:1AF8H         LINE#         149
  C:1AFBH         LINE#         150
  C:1AFBH         LINE#         151
  C:1B08H         LINE#         152
  C:1B08H         LINE#         153
  C:1B10H         LINE#         154
  C:1B10H         LINE#         155
  C:1B12H         LINE#         156
  C:1B12H         LINE#         157
  C:1B31H         LINE#         158
  C:1B47H         LINE#         159
  C:1B4DH         LINE#         160
  C:1B4FH         LINE#         161
  C:1B55H         LINE#         162
  C:1B57H         LINE#         163
  C:1B5AH         LINE#         164
  C:1B5AH         LINE#         165
  C:1B5CH         LINE#         166
  -------         ENDPROC       _QMSGPOSTSIMPLE
  -------         PROC          _QMSGPOST
  D:0006H         SYMBOL        this
  D:002DH         SYMBOL        msg
  C:1B5DH         LINE#         167
  C:1B5DH         LINE#         168
  C:1B5DH         LINE#         169
  C:1B61H         LINE#         170
  C:1B61H         LINE#         171
  C:1B64H         LINE#         172
  C:1B64H         LINE#         173
  C:1B71H         LINE#         174
  C:1B71H         LINE#         175
  C:1B79H         LINE#         176
  C:1B79H         LINE#         177
  C:1B7BH         LINE#         178
  C:1B7BH         LINE#         179
  C:1B9CH         LINE#         180
  C:1BB2H         LINE#         181
  C:1BB8H         LINE#         182
  C:1BBAH         LINE#         183
  C:1BC0H         LINE#         184
  C:1BC2H         LINE#         185
  C:1BC5H         LINE#         186
  C:1BC5H         LINE#         187
  C:1BC7H         LINE#         188
  -------         ENDPROC       _QMSGPOST
  -------         PROC          _QMSGPEND
  D:0006H         SYMBOL        this
  D:0023H         SYMBOL        pMsg
  C:12D1H         LINE#         190
BL51 BANKED LINKER/LOCATER V6.22                                                      07/10/2018  10:50:11  PAGE 28


  C:12D5H         LINE#         191
  C:12D5H         LINE#         192
  C:12DDH         LINE#         193
  C:12DDH         LINE#         194
  C:12E0H         LINE#         195
  C:12E0H         LINE#         196
  C:12E6H         LINE#         197
  C:12E6H         LINE#         198
  C:12E9H         LINE#         199
  C:12E9H         LINE#         200
  C:12F5H         LINE#         201
  C:12F5H         LINE#         202
  C:12FFH         LINE#         203
  C:12FFH         LINE#         204
  C:1301H         LINE#         205
  C:1301H         LINE#         206
  C:1329H         LINE#         207
  C:134EH         LINE#         208
  C:1374H         LINE#         209
  C:1391H         LINE#         210
  C:1397H         LINE#         211
  C:1399H         LINE#         212
  C:139DH         LINE#         213
  C:139FH         LINE#         214
  C:13A2H         LINE#         215
  C:13A2H         LINE#         216
  C:13A4H         LINE#         217
  -------         ENDPROC       _QMSGPEND
  -------         PROC          _QMSGSIZE
  D:0006H         SYMBOL        this
  C:261DH         LINE#         219
  C:261DH         LINE#         220
  C:261DH         LINE#         221
  C:2621H         LINE#         222
  C:2621H         LINE#         223
  C:2623H         LINE#         224
  C:2623H         LINE#         225
  C:2628H         LINE#         226
  -------         ENDPROC       _QMSGSIZE
  -------         PROC          _QMSGCAPACITY
  D:0006H         SYMBOL        this
  C:2629H         LINE#         227
  C:2629H         LINE#         228
  C:2629H         LINE#         229
  C:262DH         LINE#         230
  C:262DH         LINE#         231
  C:262FH         LINE#         232
  C:262FH         LINE#         233
  C:2634H         LINE#         234
  -------         ENDPROC       _QMSGCAPACITY
  -------         ENDMOD        QMSG

  -------         MODULE        PACKETQUEUE
  C:0000H         SYMBOL        _ICE_DUMMY_
  C:227EH         PUBLIC        _QueuePend
  C:2640H         PUBLIC        QueueInit
  C:2668H         PUBLIC        QueueSize
BL51 BANKED LINKER/LOCATER V6.22                                                      07/10/2018  10:50:11  PAGE 29


  X:0130H         PUBLIC        g_PacketQueue
  C:2219H         PUBLIC        _QueuePost
  -------         PROC          QUEUEINIT
  C:2640H         LINE#         4
  C:2640H         LINE#         5
  C:2640H         LINE#         6
  C:2645H         LINE#         7
  C:2647H         LINE#         8
  C:2649H         LINE#         9
  -------         ENDPROC       QUEUEINIT
  -------         PROC          _QUEUEPOST
  D:0007H         SYMBOL        dat
  C:2219H         LINE#         11
  C:2219H         LINE#         12
  C:2219H         LINE#         13
  C:2222H         LINE#         14
  C:2222H         LINE#         15
  C:2225H         LINE#         16
  C:2225H         LINE#         17
  C:222EH         LINE#         18
  C:222EH         LINE#         19
  C:2230H         LINE#         20
  C:2230H         LINE#         21
  C:2243H         LINE#         22
  C:2249H         LINE#         23
  C:224BH         LINE#         24
  -------         ENDPROC       _QUEUEPOST
  -------         PROC          _QUEUEPEND
  D:0001H         SYMBOL        dat
  C:227EH         LINE#         25
  C:227EH         LINE#         26
  C:227EH         LINE#         27
  C:2284H         LINE#         28
  C:2284H         LINE#         29
  C:2287H         LINE#         30
  C:2287H         LINE#         31
  C:2290H         LINE#         32
  C:2290H         LINE#         33
  C:2292H         LINE#         34
  C:2292H         LINE#         35
  C:22A7H         LINE#         36
  C:22ADH         LINE#         37
  C:22AFH         LINE#         38
  -------         ENDPROC       _QUEUEPEND
  -------         PROC          QUEUESIZE
  C:2668H         LINE#         39
  C:2668H         LINE#         40
  C:2668H         LINE#         41
  C:266DH         LINE#         42
  -------         ENDPROC       QUEUESIZE
  -------         ENDMOD        PACKETQUEUE

  -------         MODULE        COMMON
  C:0000H         SYMBOL        _ICE_DUMMY_
  D:0080H         PUBLIC        P0
  D:0090H         PUBLIC        P1
  D:00A0H         PUBLIC        P2
BL51 BANKED LINKER/LOCATER V6.22                                                      07/10/2018  10:50:11  PAGE 30


  D:00B0H         PUBLIC        P3
  D:00D8H         PUBLIC        PWMCON0
  D:00A8H         PUBLIC        IE
  C:1934H         PUBLIC        _hex_to_bcd
  D:00B8H         PUBLIC        IP
  D:0098H         PUBLIC        SCON
  D:0088H         PUBLIC        TCON
  D:00F8H         PUBLIC        SCON_1
  C:13A5H         PUBLIC        _my_memcpy
  C:24D3H         PUBLIC        _getCheckSum
  D:00E8H         PUBLIC        ADCCON0
  D:00C0H         PUBLIC        I2CON
  C:2399H         PUBLIC        _my_strlen
  D:00C8H         PUBLIC        T2CON
  C:25CCH         PUBLIC        _getHex
  D:00D0H         PUBLIC        PSW
  -------         PROC          _GETCHECKSUM
  D:0025H         SYMBOL        pBuffer
  D:0005H         SYMBOL        length
  -------         DO            
  D:0006H         SYMBOL        i
  D:0007H         SYMBOL        checkSum
  -------         ENDDO         
  C:24D3H         LINE#         5
  C:24D9H         LINE#         6
  C:24D9H         LINE#         8
  C:24DBH         LINE#         10
  C:24E1H         LINE#         11
  C:24E1H         LINE#         12
  C:24F1H         LINE#         13
  C:24F4H         LINE#         14
  C:24F4H         LINE#         15
  -------         ENDPROC       _GETCHECKSUM
  -------         PROC          _GETHEX
  D:0007H         SYMBOL        dat
  -------         DO            
  D:0006H         SYMBOL        ret
  -------         ENDDO         
  C:25CCH         LINE#         16
  C:25CCH         LINE#         17
  C:25CCH         LINE#         19
  C:25D3H         LINE#         20
  C:25D3H         LINE#         21
  C:25D6H         LINE#         22
  C:25D8H         LINE#         24
  C:25D8H         LINE#         25
  C:25DBH         LINE#         26
  C:25DBH         LINE#         27
  C:25DDH         LINE#         28
  -------         ENDPROC       _GETHEX
  -------         PROC          _HEX_TO_BCD
  D:0007H         SYMBOL        Value_H
  D:0005H         SYMBOL        Value_L
  -------         DO            
  D:0007H         SYMBOL        bcd_value
  -------         ENDDO         
  C:1934H         LINE#         35
BL51 BANKED LINKER/LOCATER V6.22                                                      07/10/2018  10:50:11  PAGE 31


  C:1934H         LINE#         36
  C:1934H         LINE#         39
  C:1940H         LINE#         40
  C:1946H         LINE#         41
  C:1952H         LINE#         42
  C:1958H         LINE#         43
  C:1964H         LINE#         44
  C:1968H         LINE#         46
  C:196BH         LINE#         48
  C:196FH         LINE#         49
  C:197BH         LINE#         50
  C:1981H         LINE#         51
  C:198DH         LINE#         52
  C:198FH         LINE#         53
  C:199BH         LINE#         54
  C:199FH         LINE#         56
  C:19A4H         LINE#         58
  C:19A4H         LINE#         59
  -------         ENDPROC       _HEX_TO_BCD
  -------         PROC          _MY_STRLEN
  D:0023H         SYMBOL        str
  -------         DO            
  D:0006H         SYMBOL        len
  -------         ENDDO         
  C:2399H         LINE#         67
  C:239FH         LINE#         68
  C:239FH         LINE#         69
  C:23A2H         LINE#         70
  C:23A7H         LINE#         71
  C:23A7H         LINE#         72
  C:23A8H         LINE#         73
  C:23A8H         LINE#         75
  C:23BEH         LINE#         76
  C:23BEH         LINE#         77
  C:23C3H         LINE#         78
  C:23C5H         LINE#         80
  C:23C5H         LINE#         81
  -------         ENDPROC       _MY_STRLEN
  -------         PROC          _MY_MEMCPY
  D:0029H         SYMBOL        dest
  D:002CH         SYMBOL        src
  D:002FH         SYMBOL        count
  -------         DO            
  D:0031H         SYMBOL        pdest
  D:0034H         SYMBOL        psrc
  D:0037H         SYMBOL        i
  -------         ENDDO         
  C:13A5H         LINE#         116
  C:13ABH         LINE#         117
  C:13ABH         LINE#         118
  C:13B1H         LINE#         119
  C:13BAH         LINE#         122
  C:13C7H         LINE#         123
  C:13C7H         LINE#         124
  C:13CEH         LINE#         125
  C:13CEH         LINE#         127
  C:13F8H         LINE#         128
BL51 BANKED LINKER/LOCATER V6.22                                                      07/10/2018  10:50:11  PAGE 32


  C:13F8H         LINE#         129
  C:1408H         LINE#         130
  C:1408H         LINE#         131
  C:1426H         LINE#         132
  C:1430H         LINE#         133
  C:1430H         LINE#         135
  C:1430H         LINE#         136
  C:1441H         LINE#         137
  C:1441H         LINE#         138
  C:1465H         LINE#         139
  C:146FH         LINE#         140
  C:146FH         LINE#         142
  C:1475H         LINE#         143
  -------         ENDPROC       _MY_MEMCPY
  -------         ENDMOD        COMMON

  -------         MODULE        WIFI
  C:0000H         SYMBOL        _ICE_DUMMY_
  C:1E21H         SYMBOL        AllDataUpdate
  D:0080H         PUBLIC        P0
  C:2067H         SYMBOL        _BoolDataPointUpdate
  D:0090H         PUBLIC        P1
  D:00A0H         PUBLIC        P2
  D:00B0H         PUBLIC        P3
  C:233DH         SYMBOL        WifiPacketInit
  D:00D8H         PUBLIC        PWMCON0
  D:00A8H         PUBLIC        IE
  C:24F5H         SYMBOL        _GetDowmloadDataPointIdIndex
  C:1C99H         SYMBOL        _DownloadDataPointHandle
  D:00B8H         PUBLIC        IP
  C:212AH         SYMBOL        AllDataPointHand
  X:00C4H         SYMBOL        s_DownloadCmd
  C:25F0H         PUBLIC        WifiInit
  C:18B1H         SYMBOL        _OneDataPointHand
  C:1DC3H         SYMBOL        _SendTxPacketData
  D:0098H         PUBLIC        SCON
  D:0088H         PUBLIC        TCON
  C:1C31H         PUBLIC        WifiPacketHandle
  C:1A14H         PUBLIC        WifiStatusShow
  D:00F8H         PUBLIC        SCON_1
  X:00C8H         SYMBOL        s_WifiPacketCfg
  C:243FH         SYMBOL        _SetTxPacketData
  D:00E8H         PUBLIC        ADCCON0
  C:2592H         SYMBOL        ProductInfoUpdate
  D:00C0H         PUBLIC        I2CON
  C:1707H         PUBLIC        _WifiHandle
  C:2418H         SYMBOL        HeatBeatCheck
  X:010CH         SYMBOL        s_Wifi
  D:00C8H         PUBLIC        T2CON
  C:0F57H         PUBLIC        WifiPacketParse
  D:00D0H         PUBLIC        PSW
  C:2671H         SYMBOL        GetDownloadCmdTotal
  -------         PROC          WIFIINIT
  C:25F0H         LINE#         37
  C:25F0H         LINE#         38
  C:25F0H         LINE#         39
  C:25F6H         LINE#         40
BL51 BANKED LINKER/LOCATER V6.22                                                      07/10/2018  10:50:11  PAGE 33


  C:25F8H         LINE#         41
  C:25FCH         LINE#         42
  C:25FEH         LINE#         43
  -------         ENDPROC       WIFIINIT
  -------         PROC          GETDOWNLOADCMDTOTAL
  C:2671H         LINE#         52
  C:2671H         LINE#         53
  C:2671H         LINE#         54
  C:2673H         LINE#         55
  -------         ENDPROC       GETDOWNLOADCMDTOTAL
  -------         PROC          _GETDOWMLOADDATAPOINTIDINDEX
  D:0006H         SYMBOL        dpid
  -------         DO            
  D:0005H         SYMBOL        index
  D:0007H         SYMBOL        total
  -------         ENDDO         
  C:24F5H         LINE#         63
  C:24F7H         LINE#         64
  C:24F7H         LINE#         66
  C:24FAH         LINE#         68
  C:2501H         LINE#         69
  C:2501H         LINE#         70
  C:2511H         LINE#         71
  C:2511H         LINE#         72
  C:2511H         LINE#         73
  C:2511H         LINE#         74
  C:2514H         LINE#         75
  C:2516H         LINE#         76
  -------         ENDPROC       _GETDOWMLOADDATAPOINTIDINDEX
  -------         PROC          _DOWNLOADDATAPOINTHANDLE
  D:0025H         SYMBOL        pVal
  D:0005H         SYMBOL        dpid
  D:0003H         SYMBOL        length
  -------         DO            
  D:0027H         SYMBOL        msg
  -------         ENDDO         
  C:1C99H         LINE#         86
  C:1C9DH         LINE#         87
  C:1C9DH         LINE#         94
  C:1CA3H         LINE#         95
  C:1CA3H         LINE#         96
  C:1CA5H         LINE#         97
  C:1CA5H         LINE#         98
  C:1CA5H         LINE#         99
  C:1CABH         LINE#         100
  C:1CB3H         LINE#         101
  C:1CB3H         LINE#         102
  C:1CB3H         LINE#         104
  C:1CBCH         LINE#         105
  C:1CBCH         LINE#         106
  C:1CC2H         LINE#         107
  C:1CC4H         LINE#         109
  C:1CC4H         LINE#         110
  C:1CCAH         LINE#         111
  C:1CCAH         LINE#         112
  C:1CCAH         LINE#         113
  C:1CCCH         LINE#         114
BL51 BANKED LINKER/LOCATER V6.22                                                      07/10/2018  10:50:11  PAGE 34


  C:1CCCH         LINE#         116
  C:1CD5H         LINE#         117
  C:1CD5H         LINE#         118
  C:1CDBH         LINE#         119
  C:1CFDH         LINE#         120
  C:1CFDH         LINE#         121
  C:1CFDH         LINE#         122
  C:1CFDH         LINE#         123
  C:1CFDH         LINE#         124
  C:1CFDH         LINE#         125
  C:1CFFH         LINE#         126
  -------         ENDPROC       _DOWNLOADDATAPOINTHANDLE
  -------         PROC          WIFIPACKETINIT
  C:233DH         LINE#         127
  C:233DH         LINE#         128
  C:233DH         LINE#         129
  C:2342H         LINE#         130
  C:2344H         LINE#         131
  C:234AH         LINE#         132
  C:234EH         LINE#         133
  C:2351H         LINE#         135
  C:2355H         LINE#         136
  C:2357H         LINE#         137
  C:235DH         LINE#         138
  C:2361H         LINE#         139
  C:2364H         LINE#         140
  C:236AH         LINE#         141
  -------         ENDPROC       WIFIPACKETINIT
  -------         PROC          WIFIPACKETPARSE
  -------         DO            
  X:0147H         SYMBOL        dat
  X:0148H         SYMBOL        checkSum
  -------         ENDDO         
  C:0F57H         LINE#         142
  C:0F57H         LINE#         143
  C:0F57H         LINE#         146
  C:0F66H         LINE#         147
  C:0F66H         LINE#         149
  C:0F66H         LINE#         153
  C:0F94H         LINE#         154
[...]
  C:1E3EH         LINE#         497
  C:1E3EH         LINE#         498
  C:1E45H         LINE#         499
  C:1E45H         LINE#         500
  C:1E50H         LINE#         501
  C:1E56H         LINE#         502
  C:1E56H         LINE#         503
  C:1E6BH         LINE#         504
  C:1E72H         LINE#         505
  -------         ENDPROC       ALLDATAUPDATE
  -------         PROC          _SETTXPACKETDATA
  D:0025H         SYMBOL        src
  D:0028H         SYMBOL        length
  C:243FH         LINE#         508
  C:2447H         LINE#         509
  C:2447H         LINE#         510
  C:245CH         LINE#         511
  C:2465H         LINE#         512
  -------         ENDPROC       _SETTXPACKETDATA
BL51 BANKED LINKER/LOCATER V6.22                                                      07/10/2018  10:50:11  PAGE 39


  -------         PROC          _SENDTXPACKETDATA
  D:0003H         SYMBOL        cmd
  -------         DO            
  X:0149H         SYMBOL        txLength
  -------         ENDDO         
  C:1DC3H         LINE#         514
  C:1DC5H         LINE#         515
  C:1DC5H         LINE#         516
  C:1DD0H         LINE#         517
  C:1DD5H         LINE#         518
  C:1DDDH         LINE#         519
  C:1DE6H         LINE#         520
  C:1E08H         LINE#         521
  C:1E19H         LINE#         524
  C:1E20H         LINE#         525
  -------         ENDPROC       _SENDTXPACKETDATA
  -------         PROC          _WIFIHANDLE
  D:0001H         SYMBOL        pMsg
  -------         DO            
  X:0147H         SYMBOL        dat
  X:0148H         SYMBOL        dat
  -------         ENDDO         
  -------         DO            
  X:0148H         SYMBOL        dat
  -------         ENDDO         
  C:1707H         LINE#         527
  C:1707H         LINE#         528
  C:1707H         LINE#         529
  C:1723H         LINE#         530
  C:1723H         LINE#         531
  C:1723H         LINE#         532
  C:172CH         LINE#         533
  C:1731H         LINE#         534
  C:1738H         LINE#         535
  C:173AH         LINE#         536
  C:173CH         LINE#         537
  C:173CH         LINE#         538
  C:1745H         LINE#         539
  C:1745H         LINE#         540
  C:174AH         LINE#         541
  C:174EH         LINE#         542
  C:1752H         LINE#         543
  C:175DH         LINE#         544
  C:175FH         LINE#         545
  C:175FH         LINE#         546
  C:1761H         LINE#         547
  C:1761H         LINE#         548
  C:176AH         LINE#         549
  C:176AH         LINE#         550
  C:1770H         LINE#         551
  C:1774H         LINE#         552
  C:1779H         LINE#         553
  C:1784H         LINE#         554
  C:1786H         LINE#         555
  C:1786H         LINE#         556
  C:1788H         LINE#         557
  C:1788H         LINE#         558
BL51 BANKED LINKER/LOCATER V6.22                                                      07/10/2018  10:50:11  PAGE 40


  C:1791H         LINE#         559
  C:1791H         LINE#         560
  C:1794H         LINE#         561
  C:1799H         LINE#         562
  C:1799H         LINE#         563
  C:1799H         LINE#         564
  C:1799H         LINE#         565
  C:1799H         LINE#         566
  C:1799H         LINE#         567
  -------         ENDPROC       _WIFIHANDLE
  -------         PROC          WIFISTATUSSHOW
  C:1A14H         LINE#         569
  C:1A14H         LINE#         570
  C:1A14H         LINE#         571
  C:1A21H         LINE#         572
  C:1A21H         LINE#         573
  C:1A24H         LINE#         574
  C:1A34H         LINE#         575
  C:1A34H         LINE#         576
  C:1A34H         LINE#         577
  C:1A3DH         LINE#         578
  C:1A45H         LINE#         579
  C:1A47H         LINE#         580
  C:1A47H         LINE#         581
  C:1A50H         LINE#         582
  C:1A61H         LINE#         583
  C:1A61H         LINE#         584
  C:1A61H         LINE#         585
  C:1A6AH         LINE#         586
  C:1A6EH         LINE#         587
  C:1A70H         LINE#         589
  C:1A70H         LINE#         590
  C:1A79H         LINE#         591
  C:1A82H         LINE#         592
  C:1A82H         LINE#         594
  C:1A82H         LINE#         595
  C:1A82H         LINE#         596
  C:1A82H         LINE#         597
  C:1A82H         LINE#         598
  -------         ENDPROC       WIFISTATUSSHOW
  -------         ENDMOD        WIFI

  -------         MODULE        PERIPHERAL
  C:0000H         SYMBOL        _ICE_DUMMY_
  D:00B1H         PUBLIC        P0M1
  D:00B3H         PUBLIC        P1M1
  D:00B2H         PUBLIC        P0M2
  D:0080H         PUBLIC        P0
  D:00B4H         PUBLIC        P1M2
  D:0090H         PUBLIC        P1
  D:00A0H         PUBLIC        P2
  D:00B0H         PUBLIC        P3
  D:00D8H         PUBLIC        PWMCON0
  D:00A8H         PUBLIC        IE
  D:00B8H         PUBLIC        IP
  C:2610H         SYMBOL        JKInit
  B:0080H.0       PUBLIC        P00
BL51 BANKED LINKER/LOCATER V6.22                                                      07/10/2018  10:50:11  PAGE 41


  B:0080H.1       PUBLIC        P01
  B:0090H.0       PUBLIC        P10
  D:0098H         PUBLIC        SCON
  D:0088H         PUBLIC        TCON
  B:0090H.5       PUBLIC        P15
  C:24B5H         PUBLIC        _MotorCtr
  C:25DEH         PUBLIC        PeriphralInit
  D:00F8H         PUBLIC        SCON_1
  C:0026H         PUBLIC        _WindowHandle
  D:00E8H         PUBLIC        ADCCON0
  D:00C0H         PUBLIC        I2CON
  D:00C8H         PUBLIC        T2CON
  D:00D0H         PUBLIC        PSW
  -------         PROC          JKINIT
  C:2610H         LINE#         14
  C:2610H         LINE#         15
  C:2610H         LINE#         16
  C:2616H         LINE#         17
  C:261CH         LINE#         18
  -------         ENDPROC       JKINIT
  -------         PROC          PERIPHRALINIT
  C:25DEH         LINE#         19
  C:25DEH         LINE#         20
  C:25DEH         LINE#         21
  C:25E1H         LINE#         22
  C:25E4H         LINE#         23
  C:25E7H         LINE#         24
  C:25E9H         LINE#         25
  C:25EBH         LINE#         26
  C:25EDH         LINE#         27
  C:25EFH         LINE#         28
  -------         ENDPROC       PERIPHRALINIT
  C:24B0H         SYMBOL        L?0060
  C:24B1H         SYMBOL        L?0061
  -------         PROC          L?0059
  -------         ENDPROC       L?0059
  C:24B0H         SYMBOL        L?0060
  C:24B1H         SYMBOL        L?0061
  -------         PROC          _MOTORCTR
  D:0007H         SYMBOL        ch
  D:0005H         SYMBOL        cmd
  C:24B5H         LINE#         30
  C:24B5H         LINE#         31
  C:24B5H         LINE#         32
  C:24B8H         LINE#         33
  C:24B8H         LINE#         34
  C:24C4H         LINE#         35
  C:24C4H         LINE#         36
  C:24C4H         LINE#         37
  C:24C6H         LINE#         38
  C:24C8H         LINE#         39
  C:24C9H         LINE#         40
  C:24C9H         LINE#         41
  C:24CBH         LINE#         42
  C:24CDH         LINE#         43
  C:24CEH         LINE#         44
  C:24CEH         LINE#         45
BL51 BANKED LINKER/LOCATER V6.22                                                      07/10/2018  10:50:11  PAGE 42


  C:24D0H         LINE#         46
  C:24D2H         LINE#         47
  C:24D2H         LINE#         48
  C:24D2H         LINE#         49
  C:24D2H         LINE#         50
  C:24D2H         LINE#         51
  C:24D2H         LINE#         52
  -------         ENDPROC       _MOTORCTR
  -------         PROC          _WINDOWHANDLE
  D:0001H         SYMBOL        pMsg
  -------         DO            
  X:0147H         SYMBOL        TO
  X:0164H         SYMBOL        TObak
  X:0149H         SYMBOL        msg
  -------         ENDDO         
  C:0026H         LINE#         54
  C:0026H         LINE#         55
  C:0026H         LINE#         59
  C:002EH         LINE#         60
  C:002EH         LINE#         62
  C:002EH         LINE#         64
  C:0063H         LINE#         65
  C:0063H         LINE#         66
  C:0063H         LINE#         67
  C:006CH         LINE#         68
  C:0077H         LINE#         69
  C:0077H         LINE#         70
  C:0077H         LINE#         71
  C:0077H         LINE#         72
  C:007EH         LINE#         73
  C:007EH         LINE#         74
  C:0081H         LINE#         75
  C:0081H         LINE#         76
  C:0088H         LINE#         77
  C:0096H         LINE#         78
  C:0096H         LINE#         79
  C:009DH         LINE#         80
  C:009DH         LINE#         81
  C:00B7H         LINE#         82
  C:00BEH         LINE#         83
  C:00C4H         LINE#         84
  C:00E2H         LINE#         85
  C:00E9H         LINE#         86
  C:00E9H         LINE#         87
  C:00EEH         LINE#         88
  C:00F1H         LINE#         90
  C:00FAH         LINE#         91
  C:0100H         LINE#         92
  C:0100H         LINE#         93
  C:0103H         LINE#         95
  C:0103H         LINE#         96
  C:0111H         LINE#         97
  C:0111H         LINE#         98
  C:0118H         LINE#         99
  C:0118H         LINE#         100
  C:0121H         LINE#         101
  C:0128H         LINE#         102
BL51 BANKED LINKER/LOCATER V6.22                                                      07/10/2018  10:50:11  PAGE 43


  C:012EH         LINE#         103
  C:014EH         LINE#         104
  C:0155H         LINE#         105
  C:0157H         LINE#         107
  C:0157H         LINE#         108
  C:0170H         LINE#         109
  C:0179H         LINE#         110
  C:0180H         LINE#         111
  C:0187H         LINE#         112
  C:01AAH         LINE#         113
  C:01ADH         LINE#         114
  C:01B4H         LINE#         115
  C:01B4H         LINE#         116
  C:01B9H         LINE#         117
  C:01BCH         LINE#         119
  C:01C5H         LINE#         120
  C:01CBH         LINE#         121
  C:01CBH         LINE#         122
  C:01CBH         LINE#         123
  C:01CEH         LINE#         124
  C:01CEH         LINE#         125
  C:01D7H         LINE#         126
  C:01E2H         LINE#         127
  C:01E2H         LINE#         128
  C:01E2H         LINE#         129
  C:01E2H         LINE#         130
  C:01E9H         LINE#         131
  C:01E9H         LINE#         132
  C:01ECH         LINE#         133
  C:01ECH         LINE#         134
  C:01F3H         LINE#         135
  C:0201H         LINE#         136
  C:0201H         LINE#         137
  C:0208H         LINE#         138
  C:0208H         LINE#         139
  C:0222H         LINE#         140
  C:0229H         LINE#         141
  C:0230H         LINE#         142
  C:0251H         LINE#         143
  C:0258H         LINE#         144
  C:0258H         LINE#         145
  C:025DH         LINE#         146
  C:0260H         LINE#         148
  C:0268H         LINE#         149
  C:0271H         LINE#         150
  C:0277H         LINE#         151
  C:027AH         LINE#         153
  C:027AH         LINE#         154
  C:0288H         LINE#         155
  C:0288H         LINE#         156
  C:028FH         LINE#         157
  C:028FH         LINE#         158
  C:0298H         LINE#         159
  C:029FH         LINE#         160
  C:02A6H         LINE#         161
  C:02C9H         LINE#         162
  C:02D0H         LINE#         163
BL51 BANKED LINKER/LOCATER V6.22                                                      07/10/2018  10:50:11  PAGE 44


  C:02D2H         LINE#         165
  C:02D2H         LINE#         166
  C:02EBH         LINE#         168
  C:02F4H         LINE#         169
  C:02FBH         LINE#         170
  C:0302H         LINE#         171
  C:0325H         LINE#         172
  C:0328H         LINE#         173
  C:032FH         LINE#         174
  C:032FH         LINE#         175
  C:0334H         LINE#         176
  C:0337H         LINE#         178
  C:033FH         LINE#         179
  C:0345H         LINE#         180
  C:0345H         LINE#         181
  C:0345H         LINE#         182
  C:0348H         LINE#         184
  C:0348H         LINE#         185
  C:0351H         LINE#         186
  C:0356H         LINE#         187
  C:0357H         LINE#         188
  C:035AH         LINE#         189
  C:0368H         LINE#         191
  C:0370H         LINE#         192
  C:0376H         LINE#         193
  C:0379H         LINE#         195
  C:0379H         LINE#         196
  C:0382H         LINE#         197
  C:0387H         LINE#         198
  C:0389H         LINE#         199
  C:038CH         LINE#         200
  C:039AH         LINE#         202
  C:03A2H         LINE#         203
  C:03A8H         LINE#         204
  C:03ABH         LINE#         206
  C:03ABH         LINE#         207
  C:03B4H         LINE#         208
  C:03BBH         LINE#         209
  C:03BBH         LINE#         210
  C:03C4H         LINE#         211
  C:03CFH         LINE#         212
  C:03CFH         LINE#         213
  C:03D3H         LINE#         214
  C:03D3H         LINE#         215
  C:03DAH         LINE#         216
  C:03DDH         LINE#         218
  C:03DFH         LINE#         220
  C:03DFH         LINE#         221
  C:03E6H         LINE#         222
  C:03EDH         LINE#         224
  C:03EDH         LINE#         225
  C:03FBH         LINE#         226
  C:03FBH         LINE#         227
  C:0402H         LINE#         228
  C:0408H         LINE#         229
  C:040AH         LINE#         231
  C:040AH         LINE#         232
BL51 BANKED LINKER/LOCATER V6.22                                                      07/10/2018  10:50:11  PAGE 45


  C:0418H         LINE#         233
  C:0418H         LINE#         234
  C:0421H         LINE#         235
  C:0427H         LINE#         236
  C:042AH         LINE#         237
  C:0437H         LINE#         239
  C:0440H         LINE#         240
  C:0448H         LINE#         241
  C:0451H         LINE#         242
  C:0451H         LINE#         243
  C:0451H         LINE#         244
  C:0451H         LINE#         245
  C:0451H         LINE#         246
  C:045EH         LINE#         247
  C:045EH         LINE#         248
  C:046DH         LINE#         249
  C:0474H         LINE#         250
  C:047EH         LINE#         251
  C:047EH         LINE#         252
  C:0483H         LINE#         253
  C:04A8H         LINE#         254
  C:04AAH         LINE#         255
  C:04ACH         LINE#         257
  C:04ACH         LINE#         258
  C:04B2H         LINE#         259
  C:04D9H         LINE#         260
  C:04E0H         LINE#         261
  C:04E0H         LINE#         262
  C:04E0H         LINE#         263
  C:04E7H         LINE#         264
  C:04E7H         LINE#         266
  C:04E7H         LINE#         267
  C:04E7H         LINE#         268
  C:04E7H         LINE#         269
  -------         ENDPROC       _WINDOWHANDLE
  -------         ENDMOD        PERIPHERAL

  -------         MODULE        ?C_STARTUP
  C:1476H         SEGMENT       ?C_C51STARTUP
  I:006AH         SEGMENT       ?STACK
  C:0000H         PUBLIC        ?C_STARTUP
  D:00E0H         SYMBOL        ACC
  D:00F0H         SYMBOL        B
  D:0083H         SYMBOL        DPH
  D:0082H         SYMBOL        DPL
  N:0000H         SYMBOL        IBPSTACK
  N:0100H         SYMBOL        IBPSTACKTOP
  N:0080H         SYMBOL        IDATALEN
  C:148BH         SYMBOL        IDATALOOP
  N:0000H         SYMBOL        PBPSTACK
  N:0000H         SYMBOL        PBPSTACKTOP
  N:0000H         SYMBOL        PDATALEN
  N:0000H         SYMBOL        PDATASTART
  N:0000H         SYMBOL        PPAGE
  N:0000H         SYMBOL        PPAGEENABLE
  D:00A0H         SYMBOL        PPAGE_SFR
  D:0081H         SYMBOL        SP
BL51 BANKED LINKER/LOCATER V6.22                                                      07/10/2018  10:50:11  PAGE 46


  C:1476H         SYMBOL        STARTUP1
  N:0000H         SYMBOL        XBPSTACK
  N:0000H         SYMBOL        XBPSTACKTOP
  N:02FFH         SYMBOL        XDATALEN
  C:1496H         SYMBOL        XDATALOOP
  N:0000H         SYMBOL        XDATASTART
  C:0000H         LINE#         94
  C:1476H         LINE#         100
  C:1479H         LINE#         101
  C:147CH         LINE#         102
  C:147FH         LINE#         104
  C:1482H         LINE#         105
  C:1485H         LINE#         106
  C:1488H         LINE#         109
  C:148AH         LINE#         110
  C:148BH         LINE#         111
  C:148CH         LINE#         112
  C:148EH         LINE#         116
  C:1491H         LINE#         117
  C:1493H         LINE#         119
  C:1495H         LINE#         123
  C:1496H         LINE#         124
  C:1497H         LINE#         125
  C:1498H         LINE#         126
  C:149AH         LINE#         127
  C:149CH         LINE#         161
  C:149FH         LINE#         165
  -------         ENDMOD        ?C_STARTUP

  -------         MODULE        ?C?COPY
  C:05B8H         PUBLIC        ?C?COPY
  -------         ENDMOD        ?C?COPY

  -------         MODULE        ?C?CLDPTR
  C:05DEH         PUBLIC        ?C?CLDPTR
  -------         ENDMOD        ?C?CLDPTR

  -------         MODULE        ?C?CLDOPTR
  C:05F7H         PUBLIC        ?C?CLDOPTR
  -------         ENDMOD        ?C?CLDOPTR

  -------         MODULE        ?C?CSTPTR
  C:0624H         PUBLIC        ?C?CSTPTR
  -------         ENDMOD        ?C?CSTPTR

  -------         MODULE        ?C?CSTOPTR
  C:0636H         PUBLIC        ?C?CSTOPTR
  -------         ENDMOD        ?C?CSTOPTR

  -------         MODULE        ?C?UIDIV
  C:0658H         PUBLIC        ?C?UIDIV
  -------         ENDMOD        ?C?UIDIV

  -------         MODULE        ?C?IILDX
  C:06ADH         PUBLIC        ?C?IILDX
  -------         ENDMOD        ?C?IILDX

BL51 BANKED LINKER/LOCATER V6.22                                                      07/10/2018  10:50:11  PAGE 47


  -------         MODULE        ?C?ILDPTR
  C:06C3H         PUBLIC        ?C?ILDPTR
  -------         ENDMOD        ?C?ILDPTR

  -------         MODULE        ?C?ILDOPTR
  C:06EEH         PUBLIC        ?C?ILDOPTR
  -------         ENDMOD        ?C?ILDOPTR

  -------         MODULE        ?C?ISTOPTR
  C:0726H         PUBLIC        ?C?ISTOPTR
  -------         ENDMOD        ?C?ISTOPTR

  -------         MODULE        ?C?ULDIV
  C:078FH         PUBLIC        ?C?ULDIV
  -------         ENDMOD        ?C?ULDIV

  -------         MODULE        ?C?ULSHR
  C:0821H         PUBLIC        ?C?ULSHR
  -------         ENDMOD        ?C?ULSHR

  -------         MODULE        ?C?ICALL
  C:0834H         PUBLIC        ?C?ICALL
  C:0838H         PUBLIC        ?C?ICALL2
  -------         ENDMOD        ?C?ICALL

  -------         MODULE        PRINTF
  D:0031H         PUBLIC        ?_PRINTF517?BYTE
  D:0031H         PUBLIC        ?_PRINTF?BYTE
  D:0031H         PUBLIC        ?_SPRINTF517?BYTE
  D:0031H         PUBLIC        ?_SPRINTF?BYTE
  C:08D2H         PUBLIC        _PRINTF
  C:08D2H         PUBLIC        _PRINTF517
  C:08CCH         PUBLIC        _SPRINTF
  C:08CCH         PUBLIC        _SPRINTF517
  -------         ENDMOD        PRINTF

  -------         MODULE        VSPRINTF
  D:005EH         PUBLIC        ?_VSPRINTF?BYTE
  C:236BH         PUBLIC        _VSPRINTF
  -------         ENDMOD        VSPRINTF

  -------         MODULE        ?C?PLDIIDATA
  C:083AH         PUBLIC        ?C?PLDIIDATA
  -------         ENDMOD        ?C?PLDIIDATA

  -------         MODULE        ?C?CCASE
  C:084AH         PUBLIC        ?C?CCASE
  -------         ENDMOD        ?C?CCASE

Program Size: data=106.1 xdata=358 code=9844
LINK/LOCATE RUN COMPLETE.  0 WARNING(S),  0 ERROR(S)
